_etc_            13327  archivers
_etc_            90282  index
nh_2_3          681861  nethack2.3
volume01       1995940  volume1
volume01         28625  volume1/asteroids
volume01        428135  volume1/fortune
volume01         74083  volume1/kriegspiel
volume01         27889  volume1/othello1
volume01        155499  volume1/rogue
volume01        140531  volume1/sdi
volume01         85240  volume1/sidtool
volume01        142673  volume1/warp7
volume01        162038  volume1/world
volume01        197452  volume1/xconq
volume01        117015  volume1/xmille
volume01        123042  volume1/xtrek
volume02       2187822  volume2
volume02        271627  volume2/adl
volume02         68337  volume2/advsys
volume02        119872  volume2/conquest
volume02        488485  volume2/dungeon
volume02         40790  volume2/hearts
volume02         87961  volume2/nchess
volume02        480163  volume2/nethack
volume02        459155  volume2/umoria
volume03       2116394  volume3
volume03         62447  volume3/backgammon
volume03        112609  volume3/cchess
volume03         33124  volume3/challenge
volume03        148020  volume3/conquer
volume03        110413  volume3/crystal
volume03         65979  volume3/gnuchess
volume03         82633  volume3/go
volume03         34439  volume3/miles
volume03        564802  volume3/nethack2.2
volume03        339730  volume3/omega
volume03         97002  volume3/pyramid
volume03         67228  volume3/qix
volume03        149467  volume3/trek73
volume03         51595  volume3/x11conq
volume03        145206  volume3/xchess
volume04       1984380  volume4
volume04         34393  volume4/bridge
volume04        294952  volume4/conquer3
volume04         68533  volume4/cookie
volume04         39414  volume4/cribbage
volume04         90236  volume4/cubes
volume04         77702  volume4/gnuchess2
volume04        163629  volume4/mahjongg
volume04        342519  volume4/mahjongg2
volume04         85996  volume4/sail
volume04        136256  volume4/spacewar
volume04        435895  volume4/xconq5
volume04         94142  volume4/xgo
volume05       1604285  volume5
volume05         41495  volume5/c4
volume05         85954  volume5/hunt2
volume05         36528  volume5/mahjongg-pc
volume05        143417  volume5/monster
volume05        117259  volume5/mpss
volume05        467191  volume5/omega2
volume05         48847  volume5/tess
volume05        430091  volume5/umoria2
volume05         34348  volume5/wanderer
volume05         64344  volume5/wanderer2
volume05         43967  volume5/yahtzee
volume06       2251309  volume6
volume06        842489  volume6/conquer4
volume06         33248  volume6/corewars
volume06        198816  volume6/cubes2
volume06         27340  volume6/ega-sokoban
volume06        141630  volume6/ega-wanderer
volume06        237222  volume6/gb
volume06         56122  volume6/gnugo
volume06          8177  volume6/greed2
volume06        122946  volume6/lp-posters
volume06         29069  volume6/mex
volume06         56104  volume6/pc-mahjongg
volume06         36595  volume6/scrabble
volume06         32799  volume6/sokoban2
volume06         34371  volume6/sonnet
volume06         36705  volume6/stfortune
volume06         47869  volume6/tetris
volume06         41810  volume6/tt
volume06         34255  volume6/wand-screens
volume07       5164484  volume7
volume07         33262  volume7/bidding3
volume07        310786  volume7/gb2
volume07         10854  volume7/greed3
volume07         53816  volume7/hotel
volume07       3967391  volume7/nethack3
volume07        472388  volume7/omega3
volume07         44795  volume7/poker
volume07         18915  volume7/scrabble
volume07        240636  volume7/ularn
volume08        535340  volume8
volume08         16096  volume8/bs
volume08         69712  volume8/castle
volume08         35272  volume8/choice
volume08         16890  volume8/cutup
volume08         12035  volume8/greed4
volume08         30866  volume8/life
volume08        122396  volume8/mgt
volume08         14220  volume8/shuffle
volume08         14141  volume8/shuffle2
volume08         27423  volume8/skewlife
volume08         18548  volume8/tetris-v
volume08         88908  volume8/tinymud
volume08         13738  volume8/travesty
volume08         10483  volume8/ttyexp
volume08         10785  volume8/unidraw
volume08         31206  volume8/yahtzee2
volume09       1535024  volume9
volume09         49360  volume9/adl2
volume09        179741  volume9/adven
volume09          7475  volume9/bks
volume09         22617  volume9/ctrek
volume09         19694  volume9/mz
volume09        124458  volume9/othello2
volume09         10076  volume9/tttt
volume09         14859  volume9/tttt2
volume09        962811  volume9/umoria3
volume09         87051  volume9/wanderer3
volume09         12241  volume9/xasteroids
volume10       2847407  volume10
volume10        585341  volume10/gb3
volume10       2179242  volume10/nethack3p9
volume10        501761  volume10/nethack3p9/pc-exe
volume11       2247332  volume11
volume11         12377  volume11/ac_bj
volume11             0  volume11/adl2
volume11        158594  volume11/adven2
volume11         74265  volume11/blockbuster
volume11         47244  volume11/bt
volume11             0  volume11/gb3
volume11         45130  volume11/igo
volume11         19701  volume11/jotto
volume11         14229  volume11/kriss
volume11        300718  volume11/larn
volume11          7760  volume11/map
volume11         70474  volume11/nh-spoilers
volume11        167373  volume11/pc-xbd
volume11         17347  volume11/r2matic
volume11        534208  volume11/reve
volume11        159557  volume11/savagmap
volume11             0  volume11/sdi
volume11         17627  volume11/ski
volume11         43868  volume11/sunbots
volume11          9619  volume11/swarm
volume11         71373  volume11/tinyclients
volume11        262708  volume11/tinymud2
volume11         35792  volume11/vcraps
volume11         37148  volume11/vcraps2
volume11         40397  volume11/xbd
volume12       1340551  volume12
volume12          9643  volume12/ag
volume12         17391  volume12/ag2
volume12         42907  volume12/bt2
volume12         48623  volume12/bt3
volume12        412535  volume12/cdungeon
volume12        288070  volume12/larn2
volume12        134215  volume12/mdg
volume12         95402  volume12/mgt2
volume12         23544  volume12/netwhist
volume12        103687  volume12/nh-spoilers2
volume12         14198  volume12/saa
volume12         10093  volume12/tmc
volume12         23981  volume12/torus
volume12          5727  volume12/xmascard
