volume00        311509  volume0
volume00        285555  volume0/awm
volume00         22140  volume0/xwatch
volume01        968741  volume1
volume01         15422  volume1/dclock
volume01         18241  volume1/ipr
volume01         12316  volume1/mailwatch
volume01         16731  volume1/menupane
volume01         58741  volume1/qix
volume01        125359  volume1/twm
volume01        259553  volume1/xfig
volume01        169005  volume1/xmille
volume01         12685  volume1/xmoire
volume01        115982  volume1/xphoon
volume01        119619  volume1/xphoon11
volume01         11102  volume1/xplaces
volume01          5918  volume1/xsecure
volume01         17732  volume1/xtools
volume02       1938567  volume2
volume02          1730  volume2/bitimp
volume02         26889  volume2/emacs.vms
volume02        764583  volume2/hpdoc
volume02         75873  volume2/hpdoc.c3
volume02        163159  volume2/icccm
volume02         22543  volume2/icccm.stat
volume02         13730  volume2/kaleid
volume02         15839  volume2/kaleid2
volume02         28281  volume2/life
volume02         38793  volume2/newrbf
volume02         30792  volume2/postit
volume02         30232  volume2/pspeedups
volume02         10668  volume2/showevent
volume02        121319  volume2/x11.3
volume02         20781  volume2/xbgsun
volume02         67394  volume2/xbrowser
volume02        132185  volume2/xchess
volume02         16584  volume2/xfig
volume02          4769  volume2/xhp
volume02          1673  volume2/xmille
volume02        118317  volume2/xmonitor
volume02         24099  volume2/xpic
volume02         12839  volume2/xplaces2
volume02         17044  volume2/xpuzzle
volume02          5297  volume2/xsetroot
volume02        151196  volume2/xtrek
volume02         18936  volume2/xtroff
volume03       1790136  volume3
volume03         13954  volume3/WidgetWrap
volume03        289338  volume3/awm2
volume03         16024  volume3/bdftools
volume03         22441  volume3/browserw
volume03         20392  volume3/chaos
volume03         23404  volume3/clover
volume03        137216  volume3/dragon
volume03         28532  volume3/kaleid3
volume03         55881  volume3/p2speedups
volume03         25595  volume3/roids
volume03          5186  volume3/secure
volume03         21240  volume3/x11.3
volume03          5868  volume3/xaw.load.patch
volume03         75364  volume3/xbench
volume03          1674  volume3/xbgsun
volume03         10877  volume3/xcmap
volume03        288570  volume3/xcu
volume03          8691  volume3/xcutbuf
volume03         85449  volume3/xdbx
volume03         49408  volume3/xdbx.patch
volume03         94275  volume3/xdvi
volume03         15438  volume3/xface
volume03          5098  volume3/xfig
volume03         28254  volume3/xgif
volume03         15681  volume3/xgone
volume03        117126  volume3/xgraph
volume03         22758  volume3/xlock
volume03         10239  volume3/xmandel
volume03         11075  volume3/xnetload
volume03         64315  volume3/xpaint
volume03          3721  volume3/xplaces.r3
volume03         25869  volume3/xprompt
volume03         60341  volume3/xsaver
volume03         15875  volume3/xsnap
volume03         11747  volume3/xstatic
volume03         12524  volume3/xwatchwin
volume03         12041  volume3/xwatchwin2
volume03         46190  volume3/xweb
volume03         13229  volume3/xwps
volume04       2026418  volume4
volume04         23243  volume4/ansixlib
volume04         46867  volume4/aquarium
volume04          4919  volume4/computer.14.bdf
volume04         20674  volume4/dclock
volume04         44423  volume4/dragon
volume04         10988  volume4/dwim-twm.patch
volume04         69910  volume4/kterm
volume04         55898  volume4/ral.speedups
volume04          4541  volume4/rtl-wm
volume04        403933  volume4/x11-intro-doc
volume04         24314  volume4/xconf
volume04         17176  volume4/xcursor
volume04          3794  volume4/xcutbuf
volume04          8250  volume4/xdb
volume04         53925  volume4/xdir
volume04         70434  volume4/xdvi
volume04         50740  volume4/xf
volume04         14692  volume4/xfish
volume04         69992  volume4/xgen
volume04          2821  volume4/xgone
volume04         18553  volume4/xhpgl
volume04         15569  volume4/xlogin
volume04         61069  volume4/xmahjongg
volume04         51915  volume4/xmtool
volume04          2158  volume4/xperfmon.patch
volume04        371166  volume4/xpic
volume04         17088  volume4/xplot
volume04         26837  volume4/xrobots
volume04         12009  volume4/xtacho
volume04         25581  volume4/xtetris
volume04        406197  volume4/xtroff
volume04         15812  volume4/xwps2
volume05       1156075  volume5
volume05         17935  volume5/cxpr
volume05         39092  volume5/eibw
volume05          6170  volume5/floatbg
volume05         49525  volume5/golddig
volume05         70381  volume5/golddig2
volume05         22146  volume5/macstr
volume05         22342  volume5/startx
volume05         33129  volume5/tron
volume05         57057  volume5/xchomp
volume05          4234  volume5/xdir
volume05         42053  volume5/xdvi
volume05         17468  volume5/xfade
volume05         13726  volume5/xfroot
volume05         14342  volume5/xgifroot
volume05         69403  volume5/xldimage
volume05        119765  volume5/xlife
volume05         27969  volume5/xlock
volume05         14528  volume5/xnetload
volume05         14918  volume5/xpclock
volume05          1263  volume5/xplaces2
volume05          4040  volume5/xplot
volume05        300814  volume5/xrooms
volume05          8835  volume5/xtacho
volume05         36341  volume5/xtartan
volume05        127138  volume5/xview.demos
volume05         19854  volume5/xwps3
volume06       1513762  volume6
volume06          2534  volume6/dclock
volume06         21005  volume6/dwim
volume06         10979  volume6/emxhelp
volume06         49648  volume6/infow
volume06         47345  volume6/mri
volume06         23875  volume6/vine
volume06         23103  volume6/wsxc
volume06         43206  volume6/wsxc2
volume06         13761  volume6/xbv
volume06          4982  volume6/xchess-hpux
volume06         81631  volume6/xchomp
volume06         32870  volume6/xchrono
volume06         13938  volume6/xclock
volume06         36127  volume6/xcol
volume06         12846  volume6/xdir
volume06         66869  volume6/xdvi
volume06        384967  volume6/xfig2
volume06          8965  volume6/xflip
volume06         37161  volume6/xhextris
volume06         81621  volume6/xldimage
volume06        143407  volume6/xmail
volume06         20576  volume6/xman
volume06         16838  volume6/xmeter
volume06         22744  volume6/xnetld
volume06         22471  volume6/xnlock
volume06          5527  volume6/xon
volume06         27905  volume6/xplumb
volume06         94723  volume6/xpw
volume06         60322  volume6/xpwdoc
volume06         70103  volume6/xscan
volume06          7279  volume6/xselect
volume07       1626072  volume7
volume07        385665  volume7/awl
volume07         10080  volume7/ball
volume07          4457  volume7/infow
volume07         11900  volume7/intro7
volume07          3136  volume7/ppmtoxpm
volume07         10506  volume7/psycho2
volume07         63461  volume7/sm
volume07        180671  volume7/spider
volume07          5826  volume7/spread
volume07        343261  volume7/tgif
volume07        334314  volume7/tgif/Tgif
volume07         14654  volume7/ufo
volume07        149854  volume7/vga
volume07         30311  volume7/wscrawl
volume07         60518  volume7/xcal
volume07         22889  volume7/xce
volume07          3655  volume7/xcmap
volume07         22994  volume7/xcoledit
volume07         21128  volume7/xdm
volume07         52395  volume7/xdvi
volume07         10992  volume7/xgns
volume07         12164  volume7/xlock
volume07        111909  volume7/xmail
volume07         11905  volume7/xmeter
volume07          1061  volume7/xpaste
volume07          4880  volume7/xplato
volume07         26668  volume7/xpostit
volume07          1180  volume7/xsel
volume07         37662  volume7/xtiff
volume07         10290  volume7/xufo
volume08       1986018  volume8
volume08         22517  volume8/ball2
volume08        221831  volume8/chaos
volume08         66150  volume8/dtree
volume08          8452  volume8/gnuplot.patch
volume08          6931  volume8/next.patch
volume08         15254  volume8/rterm
volume08        203900  volume8/tgif
volume08         16173  volume8/vpuzzle
volume08          3617  volume8/vtwm.patch
volume08        160681  volume8/wcl
volume08         88934  volume8/wscrawl
volume08         16747  volume8/xbiff2
volume08          4609  volume8/xbv
volume08          4205  volume8/xcal
volume08          1538  volume8/xcoledit
volume08        137764  volume8/xdbx
volume08         10527  volume8/xdiff
volume08          3350  volume8/xditv.patch
volume08        408670  volume8/xfig2.8
volume08          9758  volume8/xfont.patch
volume08         28114  volume8/xgrabsc
volume08         21582  volume8/xiconw
volume08         53563  volume8/xinvaders
volume08        227266  volume8/xlife
volume08         26074  volume8/xlogin
volume08        101338  volume8/xmail
volume08         12231  volume8/xmenu
volume08         22202  volume8/xmntns
volume08         40335  volume8/xpeg
volume08         25346  volume8/xpostme
volume08         13417  volume8/xswarm
volume08          2942  volume8/yabv
volume09       1934182  volume9
volume09        128581  volume9/acm
volume09          4960  volume9/choas
volume09        319051  volume9/colxterm
volume09          9427  volume9/dlaf
volume09         10405  volume9/rterm
volume09        211079  volume9/sco.patches
volume09         15063  volume9/snftobdf
volume09         15280  volume9/sun.serpatch
volume09         35323  volume9/sunclock
volume09        310085  volume9/tvtwm
volume09         22956  volume9/xdesk
volume09         14204  volume9/xengine
volume09         35361  volume9/xgrabsc
volume09          9994  volume9/xicon
volume09          7157  volume9/xinvaders
volume09        197814  volume9/xloadimage
volume09         68038  volume9/xmahjongg
volume09         22763  volume9/xmeter
volume09         50350  volume9/xmines
volume09        129530  volume9/xmon
volume09          2881  volume9/xnlock
volume09         58669  volume9/xrolo
volume09          3017  volume9/xtiff
volume09          7803  volume9/xtwrap
volume09        215859  volume9/xv
volume09         20737  volume9/xwater
volume10       1829420  volume10
volume10          8371  volume10/acm
volume10         12928  volume10/bdf2ps
volume10        104701  volume10/boss
volume10         25362  volume10/boxx
volume10        121394  volume10/contool
volume10         30095  volume10/exedit
volume10         21323  volume10/spider
volume10         23666  volume10/sun.serpatch
volume10         46886  volume10/tgif
volume10         20016  volume10/tvtwm
volume10        263000  volume10/wcl
volume10         51612  volume10/xbd
volume10         50078  volume10/xboard
volume10         80850  volume10/xcal
volume10         17270  volume10/xchrom
volume10         50027  volume10/xdvi
volume10        111698  volume10/xfig2
volume10         49973  volume10/xhpgl
volume10          9388  volume10/xicon
volume10         30984  volume10/xloadimage
volume10         52302  volume10/xlock
volume10          5748  volume10/xmines
volume10         15798  volume10/xmon
volume10         23756  volume10/xpbiff
volume10         17230  volume10/xprompt2
volume10         19634  volume10/xrolo
volume10          6230  volume10/xsel
volume10        119765  volume10/xt-examples
volume10        210703  volume10/xtrek
volume10        228632  volume10/xv
volume11       1860513  volume11
volume11         58392  volume11/boss
volume11        118727  volume11/catcher
volume11         27065  volume11/contool
volume11         59255  volume11/dbiff
volume11         38386  volume11/kriegspiel
volume11         25782  volume11/mosaic
volume11         59954  volume11/seahaven
volume11          3551  volume11/square.xbm
volume11        151407  volume11/tgif
volume11        749145  volume11/wcl
volume11         43073  volume11/xboard
volume11          9238  volume11/xdrop
volume11         21113  volume11/xdvi
volume11         36254  volume11/xrolo
volume11        201871  volume11/xstrek
volume11          3889  volume11/xsun
volume11         21755  volume11/xsunclock
volume11         23467  volume11/xswarm
volume11         22942  volume11/xtartan
volume11          8442  volume11/xwave
volume11        176805  volume11/xxgdb
volume12       1797477  volume12
volume12        210515  volume12/acm
volume12        405645  volume12/kterm
volume12        318457  volume12/olvwm
volume12         19318  volume12/r4.sun.patch
volume12          4541  volume12/sharky
volume12         58187  volume12/stank
volume12         16733  volume12/sungc9
volume12        430059  volume12/tgif
volume12         47912  volume12/xancur
volume12         35439  volume12/xcal
volume12         19615  volume12/xdf
volume12          6148  volume12/xdvorak
volume12         10335  volume12/xicon
volume12         21463  volume12/xmartin
volume12         19687  volume12/xmenu2
volume12         17615  volume12/xpbiff
volume12         20854  volume12/xrlogin
volume12         24178  volume12/xroach
volume12          1609  volume12/xstrek
volume12         43843  volume12/xtiff
volume12         36750  volume12/xtr
volume12         27768  volume12/xxgdb
volume13       2232783  volume13
volume13          6172  volume13/catcher
volume13         42403  volume13/contool
volume13         31969  volume13/font-browser
volume13        720193  volume13/imagemagic
volume13         26905  volume13/kterm
volume13          8611  volume13/tvtwm
volume13         14889  volume13/unclutter
volume13         10711  volume13/unclutter2
volume13         27592  volume13/xbattle
volume13        106898  volume13/xboard
volume13        100323  volume13/xcal
volume13        185058  volume13/xdtm
volume13         19092  volume13/xfbrowse
volume13         96208  volume13/xfig2.9
volume13        206005  volume13/xmail
volume13         24046  volume13/xmeter
volume13        165966  volume13/xrainbow
volume13         30789  volume13/xsh
volume13         54277  volume13/xtmenu
volume13        341256  volume13/xtroff
volume13         13420  volume13/xxgdb
volume14       1535990  volume14
volume14         15221  volume14/boss
volume14          6516  volume14/contool
volume14         35595  volume14/olvwm
volume14        255242  volume14/ora.vol6
volume14        124040  volume14/pext
volume14         82730  volume14/pig
volume14         21020  volume14/tclock
volume14         59934  volume14/ultrix.patch
volume14         28980  volume14/xalarm
volume14         11349  volume14/xascii
volume14         19921  volume14/xbaff
volume14         19283  volume14/xbmtohr
volume14         18826  volume14/xchrom
volume14         33388  volume14/xdf
volume14         44754  volume14/xgrabscr
volume14         31670  volume14/xmartin2.2
volume14        132806  volume14/xpsringies
volume14        539479  volume14/xtici
volume14         38334  volume14/xtoolplaces
