_etc_            48122  c-news.doc
_etc_            88718  c-news.ps
_etc_            35864  c-news.tbl.ms
cnews             1211  COPYRIGHT
cnews              402  PATCHDATES
cnews            10234  README
cnews             2316  ROADMAP
cnews            26402  batch
cnews            66657  conf
cnews            83046  contrib
cnews            48460  contrib/nntpmail
cnews            11049  contrib/nntpmail/mail_to_group
cnews            11167  contrib/nntpmail/mailing_lists
cnews             1052  contrib/nntpmail/mailing_lists/appendfile
cnews            17166  contrib/nntpmail/nntp_support
cnews             8709  contrib/nntpmail/post_via_mail
cnews            21547  contrib/rn.mod
cnews            84835  dbz
cnews            61692  doc
cnews            55706  expire
cnews            10356  h
cnews             1884  hfake
cnews            22886  input
cnews             4958  libbig
cnews             1533  libbsd42
cnews            58284  libc
cnews            32316  libcnews
cnews            14429  libfake
cnews             2835  libsmall
cnews            10878  libstdio
cnews             2508  libusg
cnews             3457  libv7
cnews              647  libv8
cnews            70873  man
cnews            24418  misc
cnews            85369  notebook
cnews           174505  relay
cnews             3170  relay/ads
cnews             4683  relay/altctl
cnews             1793  relay/anews
cnews             4534  relay/aux
cnews             6338  relay/ctl
cnews             6655  relay/regress
cnews             2373  relay/regress/master
cnews             3791  relay/regress/out
cnews              192  relay/regress/out/control
cnews              833  relay/regress/out/test
cnews            20673  relay/sh
cnews            67012  rna
