_etc_              625  README
_etc_            21795  install.PS
_etc_           259412  mail
_etc_           137571  manual.ps
_etc_            90395  manual.txt
_etc_            54263  patch1
_etc_            56040  patch2
_etc_            30641  patch3
_etc_           132152  queries.PS
_etc_            22617  server-internals.PS
_etc_           359347  tech_plan.PS
_etc_           109954  usenix.PS
moira          3178434  .
moira            19526  ./backup
moira           464277  ./clients
moira            18203  ./clients/blanche
moira            23673  ./clients/mailmaint
moira           347174  ./clients/moira
moira            87121  ./clients/moira/Doc
moira             5051  ./clients/mrcheck
moira            24195  ./clients/passwd
moira            45177  ./clients/userreg
moira            53687  ./db
moira            68517  ./dbck
moira            19849  ./dcm
moira          1158799  ./doc
moira           572411  ./doc/tech-plan
moira           260012  ./doc/usenix
moira            54961  ./et
moira           565725  ./gdb
moira            86962  ./gen
moira            84715  ./include
moira             1661  ./include/afs
moira             8386  ./incremental
moira             3696  ./lib
moira            39303  ./man
moira            57748  ./reg_svr
moira             9642  ./reg_svr/regtest
moira            32709  ./regtape
moira            59348  ./rpc
moira           268635  ./server
moira            43026  ./ss
moira            24753  ./test
moira            17467  ./test/scripts
moira            42133  ./update
