volume02       2037749  volume2
volume02        249867  volume2/applications
volume02        173163  volume2/applications/matlab
volume02         17062  volume2/comm
volume02         33913  volume2/devices
volume02        140660  volume2/dos
volume02         94727  volume2/dos/fs
volume02        204139  volume2/editors
volume02         21676  volume2/fonts
volume02        161767  volume2/fun
volume02         76440  volume2/graphics
volume02         93932  volume2/hardware
volume02          5182  volume2/iff
volume02         73917  volume2/intuition
volume02         62726  volume2/kernel
volume02         48660  volume2/keyboard
volume02        151567  volume2/languages
volume02        174883  volume2/libraries
volume02         27234  volume2/printers
volume02         16633  volume2/sound
volume02        252540  volume2/unix
volume02        210232  volume2/util
volume02          6784  volume2/utils
volume02          7935  volume2/workbench
volume89       5367400  volume89
volume89        732755  volume89/applications
volume89         93622  volume89/audio
volume89         20313  volume89/audio/music
volume89        877258  volume89/comm
volume89         99157  volume89/devices
volume89        192198  volume89/dos
volume89        120281  volume89/dos/fs
volume89        281081  volume89/editors
volume89         31656  volume89/fonts
volume89        379159  volume89/fun
volume89        432419  volume89/graphics
volume89         56166  volume89/hardware
volume89        130529  volume89/iff
volume89        155897  volume89/intuition
volume89        206435  volume89/kernel
volume89        303633  volume89/languages
volume89        153997  volume89/libraries
volume89         25943  volume89/printers
volume89        987742  volume89/unix
volume89        135536  volume89/util
volume89         88747  volume89/workbench
volume90       6075234  volume90
volume90       1234902  volume90/applications
volume90        249888  volume90/applications/dkbtrace-2.01
volume90        107850  volume90/applications/dtc
volume90         61789  volume90/applications/ifs-1.4
volume90         71854  volume90/applications/listplot
volume90        118113  volume90/applications/nv-2.32
volume90        276620  volume90/applications/plplot-2.6
volume90        116559  volume90/applications/route-1.0
volume90         86367  volume90/applications/surf-r2
volume90        142665  volume90/applications/xscheme-0.20
volume90         68887  volume90/audio
volume90         53720  volume90/audio/chatterbox
volume90        523206  volume90/comm
volume90        433620  volume90/comm/dnet
volume90        205589  volume90/comm/dnet/dnet-2.13
volume90         47826  volume90/comm/dnet/mailchk-03
volume90         58819  volume90/comm/dnet/mailchk-05
volume90         38980  volume90/comm/dnet/netkeys-1.0
volume90         48999  volume90/comm/dnet/netkeys-2.0
volume90         22195  volume90/comm/uptime
volume90         43350  volume90/comm/vt100-2.9a
volume90         13205  volume90/comm/vt100-2.9b
volume90        373046  volume90/devices
volume90         49913  volume90/devices/btntape-1.0
volume90        143299  volume90/devices/msh-1.30
volume90        135690  volume90/devices/msh-1.5
volume90         26501  volume90/devices/tapehandler
volume90        218017  volume90/examples
volume90         19704  volume90/examples/blittersand
volume90          4627  volume90/examples/coldreboot-2
volume90         19547  volume90/examples/crabs
volume90         21678  volume90/examples/hism-1.0
volume90         32523  volume90/examples/mrarpfile-1.1
volume90          6939  volume90/examples/pattern.c
volume90          9705  volume90/examples/process
volume90         14621  volume90/examples/spiders
volume90         58323  volume90/examples/yafr-1.21
volume90          8629  volume90/info2
volume90         88101  volume90/kernel
volume90         70156  volume90/kernel/xoper-2.2
volume90        234232  volume90/libraries
volume90         67425  volume90/libraries/ezlib
volume90         20814  volume90/libraries/odinlib-1.11
volume90         50920  volume90/libraries/odinlib-2.7
volume90         95073  volume90/libraries/reqlib-1.2
volume90         39816  volume90/midi
volume90         31145  volume90/midi/midistuff-1.0
volume90        171842  volume90/rexx
volume90          5392  volume90/rexx/dalf
volume90         11313  volume90/rexx/qf
volume90         33281  volume90/rexx/rexxdial
volume90         99618  volume90/rexx/robbs
volume90         45632  volume90/rexx/robbs/dispmod-0.11
volume90         53986  volume90/rexx/robbs/sermod
volume90       1785490  volume90/unix
volume90         99265  volume90/unix/cpp
volume90         82391  volume90/unix/cshell-4.00a
volume90         82483  volume90/unix/cshell-4.01a
volume90          8411  volume90/unix/du-1.2
volume90         10982  volume90/unix/du-1.4
volume90          4922  volume90/unix/env-1.1
volume90        344098  volume90/unix/flex-2.3
volume90         66259  volume90/unix/ls-3.1
volume90         98626  volume90/unix/ls-4.0k
volume90         33032  volume90/unix/make
volume90         19725  volume90/unix/man-1.0
volume90         26134  volume90/unix/mrcat
volume90         37209  volume90/unix/pdmake
volume90          4586  volume90/unix/rcs
volume90          4586  volume90/unix/rcs/upatch01
volume90        111899  volume90/unix/tar
volume90          2588  volume90/unix/tar/patch01
volume90        422391  volume90/unix/uucp-1.03d
volume90        285929  volume90/unix/uucp-1.06d
volume90       1313362  volume90/util
volume90         26081  volume90/util/adlookup
volume90         25147  volume90/util/app-2.0
volume90         72954  volume90/util/bbsindex-1.0
volume90         21990  volume90/util/deadalloc-1.23
volume90          4543  volume90/util/decigel020
volume90         25360  volume90/util/dwprint-1.2
volume90         44571  volume90/util/fam-1.1
volume90         33382  volume90/util/free-1.01
volume90          7826  volume90/util/gdostool
volume90         43962  volume90/util/gifmachine-1.0
volume90         40295  volume90/util/icontools
volume90         10733  volume90/util/iff2sixel-1.21
volume90         12333  volume90/util/kickdate
volume90         20971  volume90/util/kill2090
volume90         16630  volume90/util/lf
volume90          6190  volume90/util/macto8svx-1.0
volume90         14701  volume90/util/manconv-1.0
volume90         28942  volume90/util/memeater
volume90         36253  volume90/util/memmometer-2.1
volume90          5605  volume90/util/movessp
volume90         11400  volume90/util/newnoclick
volume90         15951  volume90/util/nodelete-1.35e
volume90         69918  volume90/util/pcl2english
volume90         61824  volume90/util/popupmenu-3.2
volume90         23885  volume90/util/prtfonts-1.11
volume90         30513  volume90/util/ruler-4.0
volume90         96342  volume90/util/setcpu-1.60
volume90         22795  volume90/util/setfont-2.7
volume90         10464  volume90/util/setnoclick
volume90         91792  volume90/util/snap-1.4
volume90         50589  volume90/util/snoopdos-1.0
volume90          9675  volume90/util/st
volume90         12613  volume90/util/stickmouse-1.0
volume90          9861  volume90/util/stopclick
volume90         13035  volume90/util/terminator-1.0
volume90         28758  volume90/util/tinytools
volume90         46539  volume90/util/trackutils
volume90         13140  volume90/util/ttime
volume90         25600  volume90/util/uujoin
volume90         26099  volume90/util/zapdh0-1.3
volume90         15704  volume90/workbench
volume91       3780274  volume91
volume91         15802  volume91/administrivia
volume91          6003  volume91/administrivia/index-v90
volume91          9799  volume91/administrivia/intro
volume91        173047  volume91/applications
volume91         87572  volume91/applications/mandel-1.0
volume91         33902  volume91/applications/mandset-1.2
volume91         51573  volume91/applications/quiz-1.0
volume91         22851  volume91/audio
volume91         22851  volume91/audio/fziff
volume91        327193  volume91/devices
volume91         64750  volume91/devices/btntape-2.0
volume91         52905  volume91/devices/irc-1.0
volume91         13840  volume91/devices/lightpen-1.1
volume91          3217  volume91/devices/msh-1.30
volume91          3217  volume91/devices/msh-1.30/patch3b
volume91         64328  volume91/devices/sana-ii
volume91        118073  volume91/devices/virt-alpha
volume91         10080  volume91/devices/yes-1.0
volume91        389477  volume91/games
volume91         17022  volume91/games/battle-1.1
volume91         20180  volume91/games/battle2
volume91         17039  volume91/games/draughts
volume91        298762  volume91/games/larn-12.3
volume91         36474  volume91/games/mosaic
volume91        206664  volume91/graphics
volume91         38731  volume91/graphics/gifmachine2104
volume91         59450  volume91/graphics/gifmachine2116
volume91         62559  volume91/graphics/gifmachine2137
volume91         28432  volume91/graphics/gifmachine2138
volume91         17492  volume91/graphics/gr
volume91         31734  volume91/languages
volume91         31734  volume91/languages/bm2detach-1.03
volume91        412214  volume91/libraries
volume91        249834  volume91/libraries/curses-1.22
volume91          2765  volume91/libraries/myremember
volume91         50918  volume91/libraries/smalliffparse
volume91         54735  volume91/libraries/sregexp-11.1
volume91         53962  volume91/libraries/sregexp-9.4
volume91         94168  volume91/midi
volume91         37757  volume91/midi/casio
volume91         56411  volume91/midi/mp-1.0
volume91        383719  volume91/news
volume91         52244  volume91/news/barn-2.01
volume91        173012  volume91/news/vn-res-1.1-2
volume91        158463  volume91/news/vn-res1.1
volume91         49449  volume91/rexx
volume91         23497  volume91/rexx/rxgen
volume91         25952  volume91/rexx/simplerexx
volume91        456103  volume91/shells
volume91         82017  volume91/shells/cshell-4.02a
volume91        156906  volume91/shells/cshell-5.00
volume91        171154  volume91/shells/cshell-5.10
volume91         46026  volume91/shells/line-1.15
volume91       1217853  volume91/utilities
volume91         27913  volume91/utilities/amicron-4.2
volume91         27444  volume91/utilities/amyinfo-1.3
volume91         11611  volume91/utilities/availmem-1.12
volume91         49284  volume91/utilities/backdrop-1.2
volume91          9355  volume91/utilities/battmem-1.1
volume91         36368  volume91/utilities/bigbrother2.11
volume91          1728  volume91/utilities/bigbrother2.11/big_prefs
volume91         66886  volume91/utilities/bmake-0.6
volume91         22186  volume91/utilities/bootmenu-1.0
volume91         11702  volume91/utilities/bpd-9011.11
volume91         17804  volume91/utilities/browser-1.7
volume91          5502  volume91/utilities/buttonask
volume91          3086  volume91/utilities/bytes-1.10
volume91         45195  volume91/utilities/cc
volume91         28530  volume91/utilities/chop-0.92
volume91          8889  volume91/utilities/columnize-1.0
volume91         55572  volume91/utilities/cpublit-1.0
volume91         12440  volume91/utilities/cutshar-1.0
volume91         15081  volume91/utilities/ddu-1.01
volume91         23806  volume91/utilities/diffdir-2.0
volume91          3578  volume91/utilities/dog
volume91          4234  volume91/utilities/dog-1.11
volume91          6895  volume91/utilities/filter
volume91          9866  volume91/utilities/hd
volume91        167024  volume91/utilities/less-1.4z
volume91          8995  volume91/utilities/linecount-1.0
volume91         54787  volume91/utilities/makemenu-1.0
volume91         58388  volume91/utilities/memometer-2.20
volume91         26123  volume91/utilities/msclock-1.3
volume91          9341  volume91/utilities/names-1.1
volume91          9765  volume91/utilities/nocare-1.2.1
volume91         10914  volume91/utilities/nocare-1.5
volume91         16565  volume91/utilities/nodelete-1.4
volume91         18091  volume91/utilities/nodelete-1.5a
volume91         80885  volume91/utilities/print-1.5a
volume91          4657  volume91/utilities/setspeed-1.0
volume91         62535  volume91/utilities/sman-1.0
volume91         73591  volume91/utilities/sman-1.1
volume91          3161  volume91/utilities/star
volume91         29876  volume91/utilities/toolmanager-12
volume91         49763  volume91/utilities/toolmanager-13
volume91         17300  volume91/utilities/wblink-1.00
volume91         12865  volume91/utilities/wc
