_etc_             3163  README
_etc_             5352  errata.sun4
_etc_            68563  info-sr.1988
_etc_            93168  info-sr.1989
_etc_            32016  info-sr.1990
sr                 725  Authors
sr                6266  Bugs
sr                1069  Distfile
sr                8734  Makefile
sr                1365  README
sr                2673  Systems
sr                7292  Versions
sr                5575  Wishlist
sr                2069  config.h
sr                2412  configure
sr                 317  depend.sh
sr              972193  doc
sr               14416  doc/internals
sr              376710  doc/overview
sr              436544  doc/report
sr                 697  libc.h
sr               85014  man
sr              183983  rts
sr              421942  sr
sr               29784  sr-mode.el
sr                3121  srgrind
sr               17692  srl
sr               44061  srm
sr                 200  srmap
sr                1904  srmap.az
sr                 200  srmap.min
sr                5235  srsys.h
sr               10449  srtex
sr                7789  srv
sr                3441  util.c
sr                 514  util.h
sr               89223  vsuite
sr               81413  vsuite/examples
sr                5506  vsuite/examples/dining
sr               20686  vsuite/examples/mbrot
sr                5818  vsuite/examples/primes
sr               19123  vsuite/examples/probe
sr                4461  vsuite/examples/queens
sr                1791  vsuite/examples/remote
sr                1277  vsuite/examples/tty
sr               20528  vsuite/examples/wave
sr                2223  vsuite/examples/wondrous
sr                7810  vsuite/quick
sr                5748  vsuite/quick/gries
sr                2062  vsuite/quick/vm
vs              420373  .
vs              420373  ./vsuite
vs               24884  ./vsuite/array
vs                 714  ./vsuite/array/clone
vs                8072  ./vsuite/array/dyn_rec
vs                 347  ./vsuite/array/rec1
vs                2737  ./vsuite/array/slice
vs                1405  ./vsuite/array/stars
vs                 297  ./vsuite/array/t4
vs                 225  ./vsuite/array/t5
vs               11087  ./vsuite/array/transpose
vs                2022  ./vsuite/bool
vs                 284  ./vsuite/bool/1
vs                 471  ./vsuite/bool/2
vs                 749  ./vsuite/bool/3
vs                 518  ./vsuite/bool/4
vs                4021  ./vsuite/bounded_buffer
vs                1961  ./vsuite/bounded_buffer/1
vs                2060  ./vsuite/bounded_buffer/2
vs                7410  ./vsuite/capvar
vs                 393  ./vsuite/capvar/1
vs                 633  ./vsuite/capvar/2
vs                 767  ./vsuite/capvar/3
vs                1047  ./vsuite/capvar/4
vs                 862  ./vsuite/capvar/arr1
vs                 717  ./vsuite/capvar/arr2
vs                 358  ./vsuite/capvar/predef_illegal
vs                2633  ./vsuite/capvar/struct_equiv
vs                8710  ./vsuite/co_stmt
vs                 419  ./vsuite/co_stmt/10
vs                 391  ./vsuite/co_stmt/11
vs                 312  ./vsuite/co_stmt/12
vs                 304  ./vsuite/co_stmt/13
vs                 733  ./vsuite/co_stmt/15
vs                 506  ./vsuite/co_stmt/17
vs                 506  ./vsuite/co_stmt/19
vs                 394  ./vsuite/co_stmt/20
vs                 440  ./vsuite/co_stmt/8
vs                1623  ./vsuite/co_stmt/cokiller
vs                3082  ./vsuite/co_stmt/cosend
vs                4993  ./vsuite/compare
vs                 965  ./vsuite/compare/bool
vs                 970  ./vsuite/compare/caps
vs                 935  ./vsuite/compare/char
vs                1192  ./vsuite/compare/enum
vs                 931  ./vsuite/compare/int
vs                1607  ./vsuite/const
vs                 377  ./vsuite/const/0
vs                 452  ./vsuite/const/1
vs                 778  ./vsuite/const/2
vs               10687  ./vsuite/create
vs                2178  ./vsuite/create/args
vs                1673  ./vsuite/create/callme
vs                 524  ./vsuite/create/cr1
vs                 464  ./vsuite/create/fact
vs                1287  ./vsuite/create/imp
vs                2557  ./vsuite/create/manyvm
vs                 280  ./vsuite/create/pro_ret
vs                 862  ./vsuite/create/res_arr
vs                 862  ./vsuite/create/res_array
vs                4038  ./vsuite/decl
vs                2141  ./vsuite/decl/mix
vs                1897  ./vsuite/decl/star
vs                6639  ./vsuite/destroy
vs                 330  ./vsuite/destroy/easy
vs                 435  ./vsuite/destroy/final
vs                4371  ./vsuite/destroy/many
vs                 848  ./vsuite/destroy/multiple
vs                 291  ./vsuite/destroy/suicide.1
vs                 364  ./vsuite/destroy/suicide.2
vs                3588  ./vsuite/do_stmt
vs                 442  ./vsuite/do_stmt/do.4
vs                 481  ./vsuite/do_stmt/do.5
vs                 840  ./vsuite/do_stmt/do.7
vs                 763  ./vsuite/do_stmt/do.8
vs                1062  ./vsuite/do_stmt/do.9
vs               81413  ./vsuite/examples
vs                5506  ./vsuite/examples/dining
vs               20686  ./vsuite/examples/mbrot
vs                5818  ./vsuite/examples/primes
vs               19123  ./vsuite/examples/probe
vs                4461  ./vsuite/examples/queens
vs                1791  ./vsuite/examples/remote
vs                1277  ./vsuite/examples/tty
vs               20528  ./vsuite/examples/wave
vs                2223  ./vsuite/examples/wondrous
vs                5900  ./vsuite/fact
vs                1957  ./vsuite/fact/1
vs                2046  ./vsuite/fact/2
vs                1897  ./vsuite/fact/3
vs                1469  ./vsuite/final
vs                 543  ./vsuite/final/inithung
vs                 926  ./vsuite/final/only
vs                5556  ./vsuite/for-all
vs                 165  ./vsuite/for-all/1
vs                 351  ./vsuite/for-all/10
vs                 696  ./vsuite/for-all/11
vs                 256  ./vsuite/for-all/14
vs                 235  ./vsuite/for-all/15
vs                 370  ./vsuite/for-all/16
vs                 236  ./vsuite/for-all/17
vs                 249  ./vsuite/for-all/2
vs                 338  ./vsuite/for-all/4
vs                 247  ./vsuite/for-all/6
vs                 824  ./vsuite/for-all/7
vs                 912  ./vsuite/for-all/8
vs                 677  ./vsuite/for-all/9
vs               33202  ./vsuite/input
vs                2392  ./vsuite/input/easy
vs               15196  ./vsuite/input/else
vs                2313  ./vsuite/input/purge
vs                4373  ./vsuite/input/question_mark
vs                5433  ./vsuite/input/receive
vs                1238  ./vsuite/input/remove
vs                2257  ./vsuite/input/semaphore
vs               34874  ./vsuite/interfaces
vs                 687  ./vsuite/interfaces/baby
vs                1151  ./vsuite/interfaces/bad
vs                1972  ./vsuite/interfaces/circularity
vs                 832  ./vsuite/interfaces/context
vs                 580  ./vsuite/interfaces/easy
vs                 457  ./vsuite/interfaces/enum_op
vs                 603  ./vsuite/interfaces/enums
vs               18630  ./vsuite/interfaces/extend
vs                1163  ./vsuite/interfaces/global
vs                 200  ./vsuite/interfaces/global_with_body
vs                2278  ./vsuite/interfaces/import_into_body
vs                1437  ./vsuite/interfaces/nested
vs                 522  ./vsuite/interfaces/self
vs                 850  ./vsuite/interfaces/separate
vs                 527  ./vsuite/interfaces/skip
vs                 788  ./vsuite/interfaces/special
vs                 601  ./vsuite/interfaces/timing
vs                1596  ./vsuite/interfaces/unqual
vs               17727  ./vsuite/invoke
vs                 796  ./vsuite/invoke/alias
vs                2706  ./vsuite/invoke/array
vs                1945  ./vsuite/invoke/array_imported
vs                1072  ./vsuite/invoke/easy
vs                1120  ./vsuite/invoke/fact
vs                 426  ./vsuite/invoke/free
vs                 537  ./vsuite/invoke/late
vs                 342  ./vsuite/invoke/param_array
vs                1182  ./vsuite/invoke/proc_call
vs                 548  ./vsuite/invoke/process
vs                5197  ./vsuite/invoke/quant_process
vs                 831  ./vsuite/invoke/result_star
vs                1025  ./vsuite/invoke/sum
vs                9070  ./vsuite/io
vs                2096  ./vsuite/io/action
vs                3045  ./vsuite/io/input
vs                1199  ./vsuite/io/noop
vs                1124  ./vsuite/io/output
vs                1606  ./vsuite/io/seek
vs                6226  ./vsuite/literal
vs                3275  ./vsuite/literal/caps
vs                 749  ./vsuite/literal/files
vs                 893  ./vsuite/literal/ints
vs                1309  ./vsuite/literal/strings
vs                1559  ./vsuite/long
vs                 352  ./vsuite/long/name
vs                 353  ./vsuite/long/number
vs                 354  ./vsuite/long/string
vs                 311  ./vsuite/long/white
vs               50421  ./vsuite/misc
vs                   0  ./vsuite/misc/array_params
vs                3047  ./vsuite/misc/bitops
vs                 679  ./vsuite/misc/cast
vs                 598  ./vsuite/misc/comment
vs                 472  ./vsuite/misc/easy_index
vs                 598  ./vsuite/misc/enum
vs                 450  ./vsuite/misc/enum_index
vs                5911  ./vsuite/misc/externals
vs                 494  ./vsuite/misc/inc1
vs                 466  ./vsuite/misc/mul_assign
vs                 890  ./vsuite/misc/nesting
vs                2167  ./vsuite/misc/pair1
vs                 553  ./vsuite/misc/pair2
vs               27007  ./vsuite/misc/petri
vs                1123  ./vsuite/misc/sem
vs                 690  ./vsuite/misc/sieve
vs                 894  ./vsuite/misc/slice1
vs                1009  ./vsuite/misc/slice2
vs                 296  ./vsuite/misc/stop
vs                3077  ./vsuite/misc/timer
vs               18221  ./vsuite/parse
vs                1575  ./vsuite/parse/call_send
vs                6991  ./vsuite/parse/dumps
vs                 779  ./vsuite/parse/empty
vs                1673  ./vsuite/parse/old_syntax
vs                 650  ./vsuite/parse/op_array
vs                 940  ./vsuite/parse/optional_end_follower
vs                1462  ./vsuite/parse/ordered_type
vs                1568  ./vsuite/parse/receive
vs                 544  ./vsuite/parse/recurse
vs                2039  ./vsuite/parse/semi
vs                6927  ./vsuite/pointers
vs                 688  ./vsuite/pointers/1
vs                 211  ./vsuite/pointers/2
vs                1446  ./vsuite/pointers/3
vs                1436  ./vsuite/pointers/alloc
vs                1244  ./vsuite/pointers/any
vs                1902  ./vsuite/pointers/arith
vs                3371  ./vsuite/predef
vs                1173  ./vsuite/predef/enums
vs                1694  ./vsuite/predef/general
vs                 504  ./vsuite/predef/getarg
vs                7810  ./vsuite/quick
vs                5748  ./vsuite/quick/gries
vs                2062  ./vsuite/quick/vm
vs                3913  ./vsuite/records
vs                 727  ./vsuite/records/1
vs                 931  ./vsuite/records/2
vs                 229  ./vsuite/records/3
vs                 622  ./vsuite/records/4
vs                1404  ./vsuite/records/arrays
vs                6688  ./vsuite/reply
vs                 469  ./vsuite/reply/1
vs                 408  ./vsuite/reply/2
vs                 684  ./vsuite/reply/3
vs                 291  ./vsuite/reply/4
vs                 558  ./vsuite/reply/5
vs                 671  ./vsuite/reply/6
vs                 599  ./vsuite/reply/call_send
vs                1077  ./vsuite/reply/final
vs                1197  ./vsuite/reply/hmmm
vs                 734  ./vsuite/reply/initial
vs               19406  ./vsuite/sorts
vs                6534  ./vsuite/sorts/bub1
vs                1186  ./vsuite/sorts/bub2
vs                8090  ./vsuite/sorts/dsort
vs                2170  ./vsuite/sorts/insort
vs                1426  ./vsuite/sorts/quick
vs                3416  ./vsuite/srgrind
vs               15269  ./vsuite/srm
vs                1184  ./vsuite/srm/badstruct
vs                 641  ./vsuite/srm/filenames
vs                 555  ./vsuite/srm/main
vs               10134  ./vsuite/srm/options
vs                1028  ./vsuite/srm/parser
vs                 342  ./vsuite/srm/selfref
vs                1213  ./vsuite/srm/twalk
vs                9336  ./vsuite/strings
vs                 750  ./vsuite/strings/array
vs                1508  ./vsuite/strings/calls
vs                1209  ./vsuite/strings/compare
vs                1692  ./vsuite/strings/concat
vs                 860  ./vsuite/strings/expr
vs                 579  ./vsuite/strings/misc1
vs                1172  ./vsuite/strings/misc2
vs                1566  ./vsuite/strings/predef
