_etc_             9167  sunclu.README
_etc_            10261  vaxclu.README
sunclu        11104864  .
sunclu          585480  ./asm
sunclu          413320  ./bin
sunclu         1627486  ./cmp
sunclu          638188  ./debug
sunclu          146791  ./debug/asm
sunclu          244664  ./debug/bin
sunclu          160809  ./debug/clu
sunclu           13051  ./debug/spc
sunclu         1580604  ./exe
sunclu          368523  ./lib
sunclu          135249  ./lib/asm
sunclu          113513  ./lib/clu
sunclu         1104606  ./link
sunclu          582536  ./link/bin
sunclu          417264  ./link/clu
sunclu          181776  ./maint
sunclu         1760027  ./sun2
sunclu           59236  ./sun2/asm
sunclu            1748  ./sun2/bin
sunclu          103228  ./sun2/cmp
sunclu         1012264  ./sun2/exe
sunclu          583216  ./sun2/sys
sunclu          226816  ./sun3
sunclu            1844  ./sun3/bin
sunclu          216360  ./sun3/exe
sunclu            2431  ./sun3/lib
sunclu            1839  ./sun3/lib/asm
sunclu             592  ./sun3/lib/bin
sunclu            5663  ./sun3/sys
sunclu            4411  ./sun3/sys/asm
sunclu            1252  ./sun3/sys/bin
sunclu          886786  ./sys
sunclu          227125  ./sys/asm
sunclu           70787  ./sys/clu
sunclu         1068904  ./ted
sunclu            8421  ./ted/asm
sunclu          614652  ./ted/bin
sunclu          407140  ./ted/clu
sunclu          214208  ./util
vaxclu         9655518  .
vaxclu          782953  ./4.2
vaxclu            3288  ./4.2/asm
vaxclu            1772  ./4.2/bin
vaxclu           14635  ./4.2/clugprof
vaxclu          756908  ./4.2/exe
vaxclu            1531  ./4.2/lib
vaxclu            1531  ./4.2/lib/asm
vaxclu            4012  ./4.2/sys
vaxclu            4012  ./4.2/sys/asm
vaxclu          292510  ./4.3
vaxclu            3310  ./4.3/asm
vaxclu            1796  ./4.3/bin
vaxclu           15163  ./4.3/clugprof
vaxclu          262315  ./4.3/exe
vaxclu            1583  ./4.3/lib
vaxclu            1583  ./4.3/lib/asm
vaxclu            4054  ./4.3/sys
vaxclu            4054  ./4.3/sys/asm
vaxclu            3337  ./4.3/unix
vaxclu          554168  ./asm
vaxclu          428140  ./bin
vaxclu           15163  ./clugprof
vaxclu         1590521  ./cmp
vaxclu          506247  ./debug
vaxclu          115589  ./debug/asm
vaxclu          204000  ./debug/bin
vaxclu          150869  ./debug/clu
vaxclu         1356816  ./exe
vaxclu          326608  ./lib
vaxclu           76147  ./lib/asm
vaxclu          120983  ./lib/clu
vaxclu         1166180  ./link
vaxclu          579824  ./link/bin
vaxclu          414932  ./link/clu
vaxclu           61250  ./link/old
vaxclu               0  ./lost+found
vaxclu            5716  ./maint
vaxclu          866127  ./sys
vaxclu          208622  ./sys/asm
vaxclu           73756  ./sys/clu
vaxclu            5228  ./sys/gprof
vaxclu          923258  ./ted
vaxclu            4301  ./ted/asm
vaxclu          466568  ./ted/bin
vaxclu          407002  ./ted/clu
vaxclu          380026  ./util
vaxclu          245476  ./util/press
