ingres89       2035572  ingres
ingres89             0  ingres/bin
ingres89            49  ingres/data
ingres89            49  ingres/data/base
ingres89          8338  ingres/demo
ingres89        446900  ingres/doc
ingres89         30932  ingres/doc/error
ingres89         13414  ingres/doc/files
ingres89        270391  ingres/doc/other
ingres89         79589  ingres/doc/quel
ingres89         38841  ingres/doc/unix
ingres89         38498  ingres/files
ingres89            80  ingres/lib
ingres89       1533353  ingres/source
ingres89         13179  ingres/source/conf
ingres89         91655  ingres/source/ctlmod
ingres89        224992  ingres/source/dbu
ingres89        142923  ingres/source/decomp
ingres89         91834  ingres/source/equel
ingres89         36274  ingres/source/gutil
ingres89         71644  ingres/source/h
ingres89        199092  ingres/source/iutil
ingres89         55058  ingres/source/libq
ingres89         89610  ingres/source/monitor
ingres89        102016  ingres/source/ovqp
ingres89        129618  ingres/source/parser
ingres89         96019  ingres/source/qrymod
ingres89        185861  ingres/source/support
