_etc_            20246  CHANGES.brief
_etc_           124637  CHANGES.log
_etc_             5653  FTP.inst
_etc_              825  INDEX
_etc_             7009  Mach.info
_etc_             3669  READ_ME
_etc_            17496  default.tc
_etc_             4772  i386.tc
_etc_             3399  kernel.i386.loose_ends.c
_etc_             2457  mips.tc
default        5419975  .
default          11093  ./include
default        4730163  ./kernel
default         142835  ./kernel/boot_ufs
default         447731  ./kernel/chips
default          96528  ./kernel/conf
default         129270  ./kernel/ddb
default         241137  ./kernel/device
default              0  ./kernel/inline
default         552430  ./kernel/ipc
default          33638  ./kernel/ipsc
default         654606  ./kernel/kern
default         230738  ./kernel/mach
default          25121  ./kernel/mach_debug
default         332694  ./kernel/man
default         241591  ./kernel/norma
default         613944  ./kernel/scsi
default         385749  ./kernel/scsi/adapters
default         453807  ./kernel/src
default         170741  ./kernel/src/config
default           9833  ./kernel/src/makeboot
default         273233  ./kernel/src/mig
default          28551  ./kernel/sys
default         495224  ./kernel/vm
default         275848  ./user
default         121197  ./user/libmach
default          21263  ./user/libmach/i386
default          13568  ./user/libmach/i860
default          14902  ./user/libmach/mips
default         152470  ./user/threads
default          18391  ./user/threads/i386
default          14199  ./user/threads/i860
default          29600  ./user/threads/mips
default          19805  ./utils
i386           1929601  kernel
i386            338082  kernel/i386
i386            708699  kernel/i386at
i386            114849  kernel/i386ipsc
i386             83379  kernel/intel
i386             23269  kernel/mach
i386             23269  kernel/mach/i386
i386            269602  kernel/sqt
i386             35114  kernel/sqtconf
i386              1593  kernel/sqtmbad
i386            244860  kernel/sqtsec
i386            110154  kernel/sqtzdc
mips            744236  kernel
mips             43529  kernel/mach
mips             43529  kernel/mach/mips
mips            700707  kernel/mips
mips            236914  kernel/mips/PMAX
mips             90297  kernel/mips/PMAX/boot
