3_5            2963232  dist-gdb
3_5               7799  dist-gdb/hp-include
3_5             292721  dist-gdb/readline
4_0_1          6583340  gdb-4.0.1
4_0_1           668903  gdb-4.0.1/bfd
4_0_1             1878  gdb-4.0.1/bfd/config
4_0_1            28031  gdb-4.0.1/bfd/doc
4_0_1          4721841  gdb-4.0.1/gdb
4_0_1           604251  gdb-4.0.1/gdb/doc
4_0_1             2815  gdb-4.0.1/gdb/hp-include
4_0_1           107730  gdb-4.0.1/gdb/nindy-share
4_0_1             6588  gdb-4.0.1/gdb/tconfig
4_0_1            35881  gdb-4.0.1/gdb/vx-share
4_0_1             5962  gdb-4.0.1/gdb/xconfig
4_0_1           638648  gdb-4.0.1/include
4_0_1            14189  gdb-4.0.1/include/sys
4_0_1            58198  gdb-4.0.1/libiberty
4_0_1               30  gdb-4.0.1/libiberty/config
4_0_1           336452  gdb-4.0.1/readline
4_0_1            98261  gdb-4.0.1/texinfo
4_0_1            98261  gdb-4.0.1/texinfo/fsf
4_1            7125825  gdb-4.1
4_1             687771  gdb-4.1/bfd
4_1               2050  gdb-4.1/bfd/config
4_1              28672  gdb-4.1/bfd/doc
4_1                433  gdb-4.1/config
4_1            5194015  gdb-4.1/gdb
4_1             695812  gdb-4.1/gdb/doc
4_1               2815  gdb-4.1/gdb/hp-include
4_1             107730  gdb-4.1/gdb/nindy-share
4_1               7652  gdb-4.1/gdb/tconfig
4_1              35881  gdb-4.1/gdb/vx-share
4_1               6814  gdb-4.1/gdb/xconfig
4_1             680725  gdb-4.1/include
4_1              15741  gdb-4.1/include/sys
4_1              60982  gdb-4.1/libiberty
4_1                 30  gdb-4.1/libiberty/config
4_1             337887  gdb-4.1/readline
4_1                 98  gdb-4.1/readline/config
4_1              98781  gdb-4.1/texinfo
4_1              98781  gdb-4.1/texinfo/fsf
4_3            7817848  gdb-4.3
4_3             852495  gdb-4.3/bfd
4_3               3823  gdb-4.3/bfd/config
4_3              43180  gdb-4.3/bfd/doc
4_3              28036  gdb-4.3/bfd/hosts
4_3               1057  gdb-4.3/config
4_3            5553388  gdb-4.3/gdb
4_3              17180  gdb-4.3/gdb/config
4_3             734886  gdb-4.3/gdb/doc
4_3             107730  gdb-4.3/gdb/nindy-share
4_3              35881  gdb-4.3/gdb/vx-share
4_3              27092  gdb-4.3/glob
4_3                265  gdb-4.3/glob/config
4_3             620371  gdb-4.3/include
4_3              37827  gdb-4.3/include/aout
4_3              68016  gdb-4.3/include/coff
4_3              24432  gdb-4.3/include/elf
4_3             408897  gdb-4.3/include/opcode
4_3              76432  gdb-4.3/libiberty
4_3               1106  gdb-4.3/libiberty/config
4_3             519644  gdb-4.3/readline
4_3                530  gdb-4.3/readline/config
4_3             211316  gdb-4.3/readline/doc
4_3              13267  gdb-4.3/readline/examples
4_3              99445  gdb-4.3/texinfo
4_3              99445  gdb-4.3/texinfo/fsf
