1                19048  README
1                16249  ansi2knr.c
1                61596  architecture
1                 3948  codingrules
1                 6829  egetopt.c
1                 3270  jbsmooth.c
1                 1155  jcarith.c
1                 5590  jccolor.c
1                13592  jcdeflts.c
1                 1941  jcexpand.c
1                19154  jchuff.c
1                 7378  jcmain.c
1                 4021  jcmaster.c
1                 5798  jcmcu.c
1                10435  jconfig.h
1                26137  jcpipe.c
1                 3735  jcsample.c
1                 1138  jdarith.c
1                 5349  jdcolor.c
1                 7542  jdhuff.c
1                 7922  jdmain.c
1                 5549  jdmaster.c
1                 3629  jdmcu.c
1                47436  jdpipe.c
1                 3653  jdsample.c
1                 2043  jerror.c
1                 5141  jfwddct.c
1                 2468  jinclude.h
1                34236  jpegdata.h
1                12900  jquant1.c
1                 3423  jquant2.c
1                19841  jrdgif.c
1                17936  jrdjfif.c
1                 3053  jrdppm.c
1                 4968  jrevdct.c
1                 2957  jutils.c
1                17705  jvirtmem.c
1                14133  jwrgif.c
1                11447  jwrjfif.c
1                 4115  jwrppm.c
1                  226  makcjpeg.cf
1                  264  makcjpeg.lnk
1                  239  makdjpeg.cf
1                  277  makdjpeg.lnk
1                 5371  makefile.amiga
1                 3981  makefile.mc5
1                 3498  makefile.mc6
1                 4378  makefile.pwc
1                 6025  makefile.unix
1                  354  makljpeg.cf
1                 3583  testimg.jpg
1                49167  testimg.ppm
1                 2899  testorig.jpg
