1_2              54731  INSTALL.csh
1_2              53944  INSTALL.sh
1_2               1181  Imakefile
1_2             170653  c_toolkit
1_2              36096  c_toolkit/include
1_2             134557  c_toolkit/src
1_2              42660  cm
1_2                  0  cm/include
1_2              42660  cm/src
1_2             325901  compiler
1_2              34168  compiler/include
1_2             291733  compiler/src
1_2              75241  config
1_2            1663440  de
1_2             353256  de/include
1_2            1310184  de/src
1_2             984059  demos
1_2             360750  demos/sat
1_2              26540  demos/sat/battery
1_2              27146  demos/sat/calc
1_2               5187  demos/sat/color
1_2              37026  demos/sat/concent
1_2               1428  demos/sat/counter
1_2              15475  demos/sat/fontsel
1_2              16493  demos/sat/group
1_2              17707  demos/sat/icsec
1_2              33861  demos/sat/layout
1_2              47414  demos/sat/monitor
1_2              11722  demos/sat/proto
1_2              14630  demos/sat/run_demos
1_2              19235  demos/sat/sigchi
1_2               5651  demos/sat/slang-ref
1_2              33171  demos/sat/spider
1_2              35419  demos/sat/visprog
1_2             618623  demos/smo
1_2              22958  demos/smo/calc
1_2                 79  demos/smo/circuit
1_2              20046  demos/smo/clock
1_2               4847  demos/smo/color
1_2             328419  demos/smo/concent
1_2               1678  demos/smo/counter
1_2              18424  demos/smo/fontsel
1_2              18185  demos/smo/group
1_2              33949  demos/smo/layout
1_2               5093  demos/smo/menubar
1_2              38245  demos/smo/pertab
1_2              10503  demos/smo/run_demos
1_2              19496  demos/smo/sigchi
1_2              35362  demos/smo/spider
1_2              48870  demos/smo/visprog
1_2             173418  devtools
1_2              23928  devtools/include
1_2             149490  devtools/src
1_2             633942  dm
1_2             132351  dm/include
1_2             501591  dm/src
1_2            2852791  docs
1_2              69501  externs
1_2              37693  externs/include
1_2              31808  externs/src
1_2             238462  glue
1_2              78816  glue/include
1_2             159646  glue/src
1_2             657586  int
1_2              88773  int/ada
1_2              27613  int/ada/alsys
1_2              34852  int/ada/verdix
1_2             173906  int/include
1_2             394907  int/src
1_2              16296  man
1_2                273  man/cat1
1_2              16023  man/man1
1_2              31980  notes
1_2              76726  saddle
1_2              22752  saddle/include
1_2              53974  saddle/src
1_2                260  serpent.env.csh
1_2             546677  six
1_2              13494  six/include
1_2             533183  six/src
1_2             242234  tools
1_2              18581  tools/include
1_2             223653  tools/src
1_2             266966  utilities
1_2             108059  utilities/include
1_2             158907  utilities/src
_etc_             1208  README
_etc_           413992  sug1-100
_etc_           293187  sug101-206
_etc_           243929  sug207-232
