5_0_0         26714629  .
5_0_0          3490379  ./ams
5_0_0           545813  ./ams/delivery
5_0_0            83366  ./ams/delivery/doc
5_0_0             7934  ./ams/delivery/hdrs
5_0_0             2824  ./ams/delivery/mail
5_0_0           146029  ./ams/delivery/queuem
5_0_0             5695  ./ams/delivery/sendmail
5_0_0           288367  ./ams/delivery/trymail
5_0_0            11003  ./ams/delivery/vicemail
5_0_0           160473  ./ams/demo
5_0_0           178183  ./ams/doc
5_0_0           179707  ./ams/flames
5_0_0          1415590  ./ams/libs
5_0_0           188205  ./ams/libs/cui
5_0_0            94413  ./ams/libs/hdrs
5_0_0          1017908  ./ams/libs/ms
5_0_0             3908  ./ams/libs/nosnap
5_0_0            28445  ./ams/libs/shr
5_0_0            82224  ./ams/libs/snap
5_0_0            86477  ./ams/ms
5_0_0           739177  ./ams/msclients
5_0_0           216001  ./ams/msclients/cui
5_0_0            41303  ./ams/msclients/nns
5_0_0           481510  ./ams/msclients/vui
5_0_0           184243  ./ams/utils
5_0_0            31849  ./ams/utils/dlistc
5_0_0           111590  ./ams/utils/nntp
5_0_0            11419  ./ams/utils/purge
5_0_0            10375  ./ams/utils/reauth
5_0_0            18602  ./ams/utils/undigest
5_0_0         14663438  ./atk
5_0_0           723107  ./atk/adew
5_0_0            20036  ./atk/apps
5_0_0           637532  ./atk/apt
5_0_0           115212  ./atk/apt/apt
5_0_0           321175  ./atk/apt/suite
5_0_0           200738  ./atk/apt/tree
5_0_0              796  ./atk/atkvers
5_0_0          1485577  ./atk/basics
5_0_0          1016761  ./atk/basics/common
5_0_0             1450  ./atk/basics/lib
5_0_0           108234  ./atk/basics/wm
5_0_0           358674  ./atk/basics/x
5_0_0           126499  ./atk/bush
5_0_0            34817  ./atk/calc
5_0_0           134460  ./atk/champ
5_0_0           259135  ./atk/chart
5_0_0           816504  ./atk/console
5_0_0            55790  ./atk/console/cmd
5_0_0            97391  ./atk/console/consoles
5_0_0            82988  ./atk/console/doc
5_0_0            36853  ./atk/console/fonts
5_0_0           288132  ./atk/console/lib
5_0_0           254892  ./atk/console/stats
5_0_0            95455  ./atk/controllers
5_0_0            65283  ./atk/createinset
5_0_0            19293  ./atk/createinset/cmd
5_0_0            45047  ./atk/createinset/null
5_0_0            71101  ./atk/ctext
5_0_0            10862  ./atk/datacat
5_0_0           105406  ./atk/doc
5_0_0           215450  ./atk/eq
5_0_0          1168840  ./atk/examples
5_0_0           278852  ./atk/examples/atkbook
5_0_0            68750  ./atk/examples/ex1
5_0_0            51620  ./atk/examples/ex10
5_0_0            51858  ./atk/examples/ex11
5_0_0            45184  ./atk/examples/ex12
5_0_0            45578  ./atk/examples/ex13
5_0_0            15877  ./atk/examples/ex14
5_0_0            18414  ./atk/examples/ex15
5_0_0            51725  ./atk/examples/ex16
5_0_0            82888  ./atk/examples/ex17
5_0_0            69486  ./atk/examples/ex18
5_0_0            74129  ./atk/examples/ex19
5_0_0            36085  ./atk/examples/ex2
5_0_0            22325  ./atk/examples/ex3
5_0_0            55516  ./atk/examples/ex4
5_0_0            39730  ./atk/examples/ex5
5_0_0            50056  ./atk/examples/ex6
5_0_0            34964  ./atk/examples/ex7
5_0_0            36709  ./atk/examples/ex8
5_0_0            35225  ./atk/examples/ex9
5_0_0           215531  ./atk/extensions
5_0_0           125450  ./atk/ez
5_0_0            37579  ./atk/ezprint
5_0_0            92186  ./atk/fad
5_0_0           179422  ./atk/frame
5_0_0            13813  ./atk/glist
5_0_0            50026  ./atk/gob
5_0_0           216796  ./atk/help
5_0_0            54962  ./atk/help/doc
5_0_0             8716  ./atk/help/maint
5_0_0           152752  ./atk/help/src
5_0_0           102696  ./atk/hyplink
5_0_0           127460  ./atk/layout
5_0_0           111446  ./atk/lookz
5_0_0            35591  ./atk/music
5_0_0          1378739  ./atk/ness
5_0_0           150916  ./atk/ness/demos
5_0_0           231084  ./atk/ness/doc
5_0_0           120781  ./atk/ness/nesslib
5_0_0           582046  ./atk/ness/objects
5_0_0           164234  ./atk/ness/tokens
5_0_0           129202  ./atk/ness/type
5_0_0           106723  ./atk/org
5_0_0            69168  ./atk/preview
5_0_0          1242118  ./atk/raster
5_0_0           294704  ./atk/raster/cmd
5_0_0            19190  ./atk/raster/convert
5_0_0            83753  ./atk/raster/lib
5_0_0           693614  ./atk/raster/rasters
5_0_0           150386  ./atk/raster/scan
5_0_0           163230  ./atk/rofftext
5_0_0           431331  ./atk/support
5_0_0           505689  ./atk/supportviews
5_0_0           255170  ./atk/table
5_0_0           986834  ./atk/text
5_0_0            76820  ./atk/text/tpls
5_0_0            50462  ./atk/textaux
5_0_0            68209  ./atk/textobjects
5_0_0            44503  ./atk/toez
5_0_0           117447  ./atk/typescript
5_0_0            47426  ./atk/utils
5_0_0           451475  ./atk/value
5_0_0           234984  ./atk/value/value.R4
5_0_0          1443825  ./atk/zip
5_0_0          1069948  ./atk/zip/lib
5_0_0           178268  ./atk/zip/samples
5_0_0            19953  ./atk/zip/symbols
5_0_0            98750  ./atk/zip/utility
5_0_0           687654  ./atkams
5_0_0           687297  ./atkams/messages
5_0_0            14449  ./atkams/messages/cmd
5_0_0           111487  ./atkams/messages/doc
5_0_0           556662  ./atkams/messages/lib
5_0_0             4320  ./atkams/messages/scripts
5_0_0           184326  ./config
5_0_0             2442  ./config/apollo68k
5_0_0             4049  ./config/hp300
5_0_0             4342  ./config/hp800
5_0_0             2570  ./config/i386_mach
5_0_0             2568  ./config/mac2_51
5_0_0             2834  ./config/next_mach20
5_0_0             3377  ./config/pmax_3
5_0_0             3382  ./config/pmax_41
5_0_0             3390  ./config/pmax_ul4
5_0_0             3417  ./config/ps_aix12
5_0_0             3731  ./config/rs_aix31
5_0_0             3283  ./config/rt_aix221
5_0_0             2566  ./config/rt_aos4
5_0_0             6080  ./config/sco_i386
5_0_0             3451  ./config/sgi_4d
5_0_0             2674  ./config/sun3_35
5_0_0             2675  ./config/sun3_4
5_0_0             2992  ./config/sun3_41
5_0_0             2687  ./config/sun4_40
5_0_0             3031  ./config/sun4_41
5_0_0             2464  ./config/vax_3
5_0_0             2593  ./config/vax_43
5_0_0          1429279  ./contrib
5_0_0            23751  ./contrib/alink
5_0_0            26758  ./contrib/compress
5_0_0            14172  ./contrib/demos
5_0_0            14121  ./contrib/demos/circlepi
5_0_0            13132  ./contrib/eatmail
5_0_0           631920  ./contrib/gestures
5_0_0           527445  ./contrib/gestures/gestsrc
5_0_0            24553  ./contrib/gestures/gtext
5_0_0            55305  ./contrib/ltext
5_0_0            66234  ./contrib/m3text
5_0_0           182450  ./contrib/mit
5_0_0            73948  ./contrib/mit/annot
5_0_0           108141  ./contrib/mit/util
5_0_0            43390  ./contrib/mtext
5_0_0            50536  ./contrib/ptext
5_0_0            53436  ./contrib/rctext
5_0_0            68499  ./contrib/rmtext
5_0_0            83460  ./contrib/time
5_0_0            89598  ./contrib/tm
5_0_0            25931  ./contrib/wpedit
5_0_0              362  ./helpaliases
5_0_0            14153  ./helpindex
5_0_0            11684  ./inst
5_0_0             5092  ./ossupport
5_0_0          6075923  ./overhead
5_0_0            16641  ./overhead/addalias
5_0_0          1036822  ./overhead/class
5_0_0            17885  ./overhead/class/cmd
5_0_0            50923  ./overhead/class/doc
5_0_0            58708  ./overhead/class/lib
5_0_0           799278  ./overhead/class/machdep
5_0_0           104496  ./overhead/class/pp
5_0_0             5070  ./overhead/class/testing
5_0_0            98618  ./overhead/cmenu
5_0_0             3703  ./overhead/cmenu/tests
5_0_0            31036  ./overhead/conv
5_0_0           881687  ./overhead/eli
5_0_0            14641  ./overhead/eli/bglisp
5_0_0           350789  ./overhead/eli/doc
5_0_0            21599  ./overhead/eli/elifiles
5_0_0            24981  ./overhead/eli/hdrs
5_0_0            18351  ./overhead/eli/lclhdrs
5_0_0           450874  ./overhead/eli/lib
5_0_0             6896  ./overhead/errors
5_0_0          1155081  ./overhead/fonts
5_0_0            53917  ./overhead/fonts/cmd
5_0_0          1065939  ./overhead/fonts/fonts
5_0_0            34811  ./overhead/fonts/lib
5_0_0             4588  ./overhead/genmake
5_0_0            38060  ./overhead/index
5_0_0           323824  ./overhead/mail
5_0_0             5425  ./overhead/mail/cmd
5_0_0            24352  ./overhead/mail/hdrs
5_0_0           291880  ./overhead/mail/lib
5_0_0             1787  ./overhead/mail/testing
5_0_0            62141  ./overhead/malloc
5_0_0           252800  ./overhead/parsec
5_0_0           307976  ./overhead/pobbconf
5_0_0            35267  ./overhead/rxp
5_0_0           537231  ./overhead/snap2
5_0_0           132984  ./overhead/snap2/guardian
5_0_0              812  ./overhead/snap2/hdrs
5_0_0            48826  ./overhead/snap2/loadserv
5_0_0            43005  ./overhead/snap2/nametime
5_0_0            82692  ./overhead/snap2/pcserver
5_0_0            14709  ./overhead/snap2/pfio
5_0_0           111337  ./overhead/snap2/snap2
5_0_0           102410  ./overhead/snap2/snap2t
5_0_0            13338  ./overhead/sys
5_0_0           946896  ./overhead/util
5_0_0             5629  ./overhead/util/cmd
5_0_0            76809  ./overhead/util/hdrs
5_0_0           864094  ./overhead/util/lib
5_0_0            91780  ./overhead/wpi
5_0_0           212462  ./overhead/wputil
5_0_0            21585  ./overhead/xicons
5_0_0             2558  ./site
5_0_0            10326  ./xmkfontd
