1_1            1215477  EMP
1_1                  0  EMP/bin
1_1              36114  EMP/client
1_1              16502  EMP/doc
1_1              37602  EMP/h
1_1             307384  EMP/info
1_1                  0  EMP/info.nr
1_1             125476  EMP/lib
1_1               9037  EMP/lib/client
1_1              36563  EMP/lib/common
1_1              39993  EMP/lib/gen
1_1              39169  EMP/lib/global
1_1              16221  EMP/login
1_1               6381  EMP/make
1_1               1691  EMP/make/Systems
1_1             514389  EMP/player
1_1             360661  EMP/player/commands
1_1             125518  EMP/player/subs
1_1              24583  EMP/tm
1_1              61708  EMP/update
1_1              65456  EMP/util
contrib         422956  contrib
contrib           9275  contrib/scripts
contrib            231  contrib/scripts/misc
contrib          86778  contrib/tools
contrib           5461  contrib/tools/anonymous
contrib          35603  contrib/tools/dillon
contrib           4807  contrib/tools/everson
contrib          10598  contrib/tools/grady
contrib          30309  contrib/tools/muir
contrib         275831  contrib/ve
contrib         147212  contrib/ve/RCS
contrib          50630  contrib/vfix
contrib              0  contrib/vfix/RCS
