7_6p           3044387  .
7_6p            611713  ./bench
7_6p                 0  ./bin
7_6p            178909  ./config
7_6p            178909  ./config/unix
7_6p              2548  ./config/unix/Common
7_6p              8733  ./config/unix/Generic
7_6p              3765  ./config/unix/Ppdef
7_6p              3139  ./config/unix/amdahl_uts
7_6p              2572  ./config/unix/att3b_15
7_6p              2562  ./config/unix/att3b_2
7_6p              2522  ./config/unix/att3b_20
7_6p              2361  ./config/unix/att3b_4000
7_6p              2413  ./config/unix/att3b_5
7_6p              2900  ./config/unix/att6386
7_6p              1472  ./config/unix/aviion
7_6p              2115  ./config/unix/balance_dynix2
7_6p              3818  ./config/unix/cdc_vxve
7_6p              1375  ./config/unix/celerity_bsd
7_6p              1622  ./config/unix/clix
7_6p              2150  ./config/unix/codata
7_6p              2696  ./config/unix/convex
7_6p              2354  ./config/unix/cray2
7_6p              4074  ./config/unix/dec_3100
7_6p              2464  ./config/unix/diab_dnix
7_6p              1458  ./config/unix/domain_bsd
7_6p              1482  ./config/unix/elxsi_bsd
7_6p              1711  ./config/unix/gould_pn
7_6p              2241  ./config/unix/hp9000_s300
7_6p              1734  ./config/unix/hp9000_s500
7_6p              4089  ./config/unix/hp9000_s800
7_6p              3312  ./config/unix/i286_xenix
7_6p              2802  ./config/unix/i386_svr4
7_6p              2806  ./config/unix/i386_sysv
7_6p              2536  ./config/unix/i386_xenix
7_6p             11195  ./config/unix/i386_xenix_gcc
7_6p              1757  ./config/unix/ibm370_aix
7_6p              3952  ./config/unix/iris4d
7_6p              2821  ./config/unix/mac_aux
7_6p              2814  ./config/unix/masscomp
7_6p              2970  ./config/unix/mega
7_6p              1528  ./config/unix/microport
7_6p              2882  ./config/unix/mips
7_6p              1612  ./config/unix/mot_8000
7_6p              2601  ./config/unix/multimax_bsd
7_6p              2144  ./config/unix/mx_sinix
7_6p              2874  ./config/unix/next
7_6p              4220  ./config/unix/plexus
7_6p              3052  ./config/unix/ps2_aix
7_6p              5052  ./config/unix/pyramid_bsd
7_6p              2402  ./config/unix/ridge
7_6p              2838  ./config/unix/rs6000_aix
7_6p              2218  ./config/unix/rtpc_acis
7_6p              2465  ./config/unix/rtpc_aix
7_6p              2405  ./config/unix/sun2
7_6p              1130  ./config/unix/sun3
7_6p              1923  ./config/unix/sun386i
7_6p              2158  ./config/unix/sun3_68881
7_6p              3118  ./config/unix/sun4
7_6p              3388  ./config/unix/symmetry
7_6p              2884  ./config/unix/tahoe_bsd
7_6p              2267  ./config/unix/trace
7_6p              2364  ./config/unix/unixpc
7_6p              2335  ./config/unix/vax_41_bsd
7_6p              3018  ./config/unix/vax_bsd
7_6p              2367  ./config/unix/vax_sysv
7_6p              2786  ./config/unix/vax_ultrix
7_6p              1736  ./config/unix/vax_v9
7_6p              1478  ./config/unix/zs1
7_6p            153636  ./docs
7_6p             24235  ./samples
7_6p                 0  ./samples/local
7_6p             17052  ./samples/stand
7_6p           1792964  ./src
7_6p             71120  ./src/common
7_6p            126262  ./src/h
7_6p            613304  ./src/iconc
7_6p            130841  ./src/preproc
7_6p            389655  ./src/rtt
7_6p            461603  ./src/runtime
7_6p            279756  ./tests
7_6p                 0  ./tests/local
7_6p            140541  ./tests/stand
