comptool       1002176  CompositeTool
hcvis           150737  HCVis
imgtool         195592  Imagetool
isovis           64613  Isovis
polyview       4182622  PolyView
polyview        681974  PolyView/PolyView1.02
polyview       3500648  PolyView/PolyView2.0
polyview       2189376  PolyView/PolyView2.0/Examples
polyview        383254  PolyView/PolyView2.0/docs
polyview        923679  PolyView/PolyView2.0/vset2.1
reformat        768683  Reformat
reformat        159811  Reformat/docs
seq              97466  seq
seq               5455  seq/Alliant
seq               5455  seq/Alliant/src
seq               5081  seq/IRIS
seq               5081  seq/IRIS/src
seq              61053  seq/PC
seq              52092  seq/PC/src
seq              25877  seq/Sun3
seq              20362  seq/Sun3/src
sun3           1583569  Sun3
sun3             26185  Sun3/seq
sun3             20362  Sun3/seq/src
sun3           1310186  Sun3/ue
sun3            764286  Sun3/ue/NeWS
x11                 20  X11
x11                 20  X11/XHPwidgets
xds             947827  XDataSlice
xds             947827  XDataSlice/XDS1.2
xds              31090  XDataSlice/XDS1.2/misc
ximage          623371  XImage
ximage          619778  XImage/XImage1.2
