1_3               3595  ADDENDA
1_3                685  LOG
1_3               1949  README
1_3               5498  blurb.n
1_3             130602  doc
1_3            5638298  src
1_3            1788131  src/config
1_3              69563  src/other-tests
1_3              69243  src/other-tests/breport
1_3                133  src/other-tests/breport/btool_backup
1_3                377  src/other-tests/breport/subdir
1_3             355213  src/testdir
1_3              10212  src/testdir/bfilter-test
1_3               8556  src/testdir/bmatch-test
1_3              11530  src/testdir/bnewer-test
1_3              11700  src/testdir/bsum-test
1_3              25158  src/testdir/btool_backup
1_3               5671  src/testdir/lineno
1_3                188  src/testdir/lineno/btool_backup
1_3              45301  src/testdir/macros
1_3               2361  src/testdir/macros/btool_backup
1_3              40909  src/testdir/t1
1_3                576  src/testdir/t1/btool_backup
1_3               3129  src/testdir/t2
1_3                359  src/testdir/t2/btool_backup
1_3               4644  src/testdir/t3
1_3                183  src/testdir/t3/btool_backup
1_3               1740  src/testdir/t3/t31
1_3               1740  src/testdir/t3/t32
1_3               6097  src/testdir/temp-test
1_3                154  src/testdir/temp-test/btool_backup
