volume01        725042  volume01
volume01         41964  volume01/afio
volume01         16934  volume01/ccc_1.3x
volume01          4864  volume01/ccmath
volume01          9125  volume01/cdraw2fig
volume01         23001  volume01/epx
volume01         28035  volume01/ify
volume01          9305  volume01/kconfig2
volume01         56762  volume01/klondike
volume01          3979  volume01/kugel_bnchmrk
volume01         42129  volume01/mahjongg
volume01         12346  volume01/mgr_hack1
volume01          8354  volume01/modemon
volume01         11923  volume01/moire
volume01         11369  volume01/mtools
volume01         13144  volume01/phdaemon2
volume01          2247  volume01/prewinit
volume01          9035  volume01/rastop
volume01         13518  volume01/ski
volume01          5865  volume01/sprint24
volume01        104329  volume01/standlib
volume01         20390  volume01/sysinfo4.5
volume01        109178  volume01/uipc
volume01         31920  volume01/vidpal-em
volume01          2177  volume01/win
volume01          9284  volume01/wlogin
volume01        104268  volume01/xtclient
