3_0                  0  .
3_0              13869  README
3_0            8235704  iv
3_0            8226751  iv/src
3_0            1937624  iv/src/bin
3_0              14047  iv/src/bin/alert
3_0              44379  iv/src/bin/dclock
3_0             404048  iv/src/bin/doc
3_0            1103171  iv/src/bin/ibuild
3_0              82960  iv/src/bin/iclass
3_0             178855  iv/src/bin/idraw
3_0              38808  iv/src/bin/ifb
3_0               9853  iv/src/bin/ifc
3_0              15818  iv/src/bin/logo
3_0              20450  iv/src/bin/mailbox
3_0              18167  iv/src/bin/scripts
3_0              68354  iv/src/config
3_0              61456  iv/src/config/InterViews
3_0            1026355  iv/src/include
3_0              41158  iv/src/include/Dispatch
3_0              39046  iv/src/include/IV-X11
3_0             126899  iv/src/include/IV-look
3_0             413697  iv/src/include/InterViews
3_0              44025  iv/src/include/OS
3_0              21148  iv/src/include/TIFF
3_0              18635  iv/src/include/Task
3_0             314739  iv/src/include/Unidraw
3_0            3338229  iv/src/lib
3_0              68101  iv/src/lib/Dispatch
3_0              13010  iv/src/lib/IV
3_0             415830  iv/src/lib/IV-2_6
3_0             168243  iv/src/lib/IV-X11
3_0             118173  iv/src/lib/IV-look
3_0             316166  iv/src/lib/InterViews
3_0              27924  iv/src/lib/OS
3_0             327947  iv/src/lib/TIFF
3_0              35847  iv/src/lib/Task
3_0             807078  iv/src/lib/Unidraw
3_0              15199  iv/src/lib/app-defaults
3_0             146044  iv/src/lib/doc-samples
3_0             202049  iv/src/lib/drawings
3_0             174523  iv/src/lib/graphic
3_0             315243  iv/src/lib/ibuild-samples
3_0              75738  iv/src/lib/images
3_0              89483  iv/src/lib/logos
3_0              14362  iv/src/lib/styles
3_0            1219983  iv/src/man
3_0              29933  iv/src/man/Dispatch
3_0              62994  iv/src/man/IV-look
3_0              92394  iv/src/man/InterViews
3_0             344868  iv/src/man/Unidraw
3_0              92607  iv/src/man/commands
3_0              18624  iv/src/man/faq
3_0              41254  iv/src/man/graphic
3_0             529632  iv/src/man/refman
3_0             629213  iv/src/papers
3_0             183783  iv/src/papers/TIFF.doc
contrib        2682741  contrib
contrib          22682  contrib/g++
contrib         116318  contrib/idraw.guide
