_etc_             1788  README
_etc_             8530  apollo_sr10_bl
_etc_            16825  foreign.tex
_etc_             1230  m68fix.t
_etc_           344254  manual
_etc_             6794  ofix5.t
_etc_            49499  release_notes_3.0.tex
_etc_             3414  release_notes_3.1
_etc_               20  sparc
_etc_             4314  tfix5.t
apollot          20376  tsystem
apollot_sr10       21468  new_tsystem
doc            1025016  documentation
doc              59400  documentation/aegis
doc             645175  documentation/manual
doc              49674  documentation/unix
encore           29568  tsystem
encore_s       2551966  sources
encore_s       1223578  sources/comp
encore_s        176982  sources/comp/assembler
encore_s         30286  sources/comp/assembler/FACES
encore_s         36284  sources/comp/assembler/N32
encore_s        486461  sources/comp/back_end
encore_s          6707  sources/comp/build
encore_s        280747  sources/comp/front_end
encore_s        209650  sources/comp/primops
encore_s         63031  sources/comp/top
encore_s        157671  sources/link
encore_s         27934  sources/scheme
encore_s       1142783  sources/sys
hpt              16417  tsystem
mac              17723  mac
pmax             23254  pmax
risc_s         2314489  sources
risc_s          912669  sources/comp
risc_s           73226  sources/comp/assembler
risc_s          297303  sources/comp/back_end
risc_s           14805  sources/comp/build
risc_s          320003  sources/comp/front_end
risc_s          144703  sources/comp/primops
risc_s           62629  sources/comp/top
risc_s          113495  sources/link
risc_s           28018  sources/scheme
risc_s         1260307  sources/sys
sources        2166076  sources
sources        1005767  sources/comp
sources         217819  sources/comp/assembler
sources         313599  sources/comp/back_end
sources           6597  sources/comp/build
sources         280721  sources/comp/front_end
sources         124000  sources/comp/primops
sources          63031  sources/comp/top
sources         102676  sources/link
sources          27929  sources/scheme
sources        1029704  sources/sys
sparc            18725  sparc
sunt             28339  tsystem
tman            645175  manual
tman_b         1391091  tman
vaxt             28068  tsystem
