3_2            9241530  epoch-3.2
3_2             135160  epoch-3.2/contrib
3_2              37352  epoch-3.2/contrib/amc
3_2               5417  epoch-3.2/contrib/anonymous
3_2              83363  epoch-3.2/contrib/hyper
3_2               9028  epoch-3.2/contrib/pierson
3_2              80185  epoch-3.2/cpp
3_2             201259  epoch-3.2/epoch-lisp
3_2             456465  epoch-3.2/epoch-man
3_2             941685  epoch-3.2/etc
3_2            1917968  epoch-3.2/info
3_2            3212234  epoch-3.2/lisp
3_2              13019  epoch-3.2/shortnames
3_2            2201906  epoch-3.2/src
_etc_             9126  announce3_2
lisp_3_2             0  .
lisp_3_2           126  README
lisp_3_2          5263  button.el
lisp_3_2          3073  button.elc
lisp_3_2          1145  copy.el
lisp_3_2             0  copy.elc
lisp_3_2           592  cute-wins.el
lisp_3_2           465  cute-wins.elc
lisp_3_2          1308  dot.emacs
lisp_3_2          4645  epoch-util.el
lisp_3_2          1871  epoch-util.elc
lisp_3_2         11127  epoch.el
lisp_3_2          6986  epoch.elc
lisp_3_2          7740  event.el
lisp_3_2          4579  event.elc
lisp_3_2          2308  fix3-2.el
lisp_3_2          5106  message.el
lisp_3_2          2965  message.elc
lisp_3_2         28096  mini-cl.el
lisp_3_2         19813  mini-cl.elc
lisp_3_2          9500  motion.el
lisp_3_2          4792  motion.elc
lisp_3_2          8398  mouse.el
lisp_3_2          5301  mouse.elc
lisp_3_2          5207  property.el
lisp_3_2          2716  property.elc
lisp_3_2          7360  scr-pool.el
lisp_3_2         11129  server.el
lisp_3_2          5655  server.elc
lisp_3_2          9454  startup.el
lisp_3_2          4552  startup.elc
lisp_3_2          3268  thing.el
lisp_3_2          9966  uglify.el
lisp_3_2          3099  uglify.elc
lisp_3_2          7723  wrapper.el
lisp_3_2          7984  wrapper.elc
