_etc_             1594  shareware
volume02       1040147  volume02
volume02        118980  volume02/accell-text
volume02         28001  volume02/egafast
volume02           691  volume02/fs-analyzer
volume02         61191  volume02/pbm
volume02         15151  volume02/pstrings
volume02          9568  volume02/split-1.1
volume02         10723  volume02/sun2ps
volume02         88547  volume02/usc
volume03        987295  volume03
volume03        403592  volume03/mg2a
volume03        196595  volume03/pcmail
volume03          9854  volume03/vms-hangman
volume04        970448  volume04
volume04         47590  volume04/68kdisasm
volume04         86878  volume04/apml
volume04         63310  volume04/blachman
volume04          2656  volume04/bpe
volume04         65116  volume04/gnumacs-blit
volume04         45755  volume04/troff2lj-v2
volume04        185337  volume04/vms-vi-2
volume05        926873  volume05
volume05         53633  volume05/faces-1.3
volume05         56939  volume05/fsanalyze4.1
volume05          1996  volume05/jetroff
volume05         71007  volume05/lwf
volume05         86558  volume05/pbm3
volume05         91006  volume05/pc-curses-1.3
volume05         43548  volume05/s5finger
volume05         17746  volume05/u16.pc
volume05         52944  volume05/z80ad
volume06       1229031  volume06
volume06         20698  volume06/68kdisasm
volume06        368136  volume06/glib
volume06         65360  volume06/ljtest
volume06          9371  volume06/renice.sco
volume06         37403  volume06/tif2ps
volume06         70268  volume06/yahp2ps
volume07       1726904  volume07
volume07         62533  volume07/brik2
volume07        111778  volume07/cheq
volume07        662287  volume07/crisp1.9
volume07         83126  volume07/dbug
volume07         78085  volume07/ephem
volume07         32942  volume07/indexor
volume07        138505  volume07/whpl
volume07         29586  volume07/zooman.cat
volume08       2078591  volume08
volume08        304396  volume08/cz
volume08        334020  volume08/elk
volume08        166563  volume08/gnuplot1.10A
volume08         33920  volume08/hint
volume08         47540  volume08/index-8910
volume08         13492  volume08/jetroff
volume08        191312  volume08/libhoward
volume08         43724  volume08/make.gy
volume08         35807  volume08/makedoc.gf
volume08         27629  volume08/mdcopy
volume08        153646  volume08/pcmail
volume08        151276  volume08/stevie3.68
volume08         46775  volume08/v8index
volume09       1652328  volume09
volume09         50874  volume09/draw_jt
volume09        121949  volume09/ephem2
volume09         68548  volume09/fplan
volume09         47438  volume09/map_go
volume09         40177  volume09/mpage
volume09        352008  volume09/pbmplus
volume09         57576  volume09/pep
volume09        281849  volume09/popi
volume09         35447  volume09/siotools
volume09         31773  volume09/umdb
volume09         53988  volume09/v9index
volume10       1705514  volume10
volume10          4969  volume10/b+tree
volume10        118998  volume10/b+tree_mjr
volume10         39764  volume10/c_cover
volume10        100602  volume10/calctool24
volume10         27422  volume10/callback_hg
volume10         28222  volume10/mp23
volume10         27288  volume10/names2
volume10        130223  volume10/pccurses14
volume10        309722  volume10/pcmail2
volume10          1642  volume10/queue-900309
volume10        156230  volume10/sh_dos
volume10         20597  volume10/siotools
volume10         57134  volume10/tec
volume10         16271  volume10/tourney
volume10         56777  volume10/v10index
volume10        239324  volume10/xlisp21
volume11       1840790  volume11
volume11          3965  volume11/dangle
volume11          2177  volume11/ddf
volume11          7833  volume11/dialout
volume11        151167  volume11/ephem4.12
volume11         27905  volume11/ephem4.13
volume11        309416  volume11/gnuplot2
volume11         11200  volume11/hd_pjr
volume11          8988  volume11/headlines
volume11          2034  volume11/inet-ntoa
volume11         49802  volume11/lharc
volume11         30377  volume11/mailsplit2.7
volume11         13359  volume11/menu_mh
volume11         23854  volume11/n3emo-orbit
volume11         10475  volume11/names2-2
volume11          8645  volume11/pbmtochar
volume11         49615  volume11/pc-8250
volume11         10707  volume11/plist
volume11         11791  volume11/ppm-utils
volume11          8920  volume11/pstext
volume11         11060  volume11/quadtree
volume11         74506  volume11/rpl
volume11         56024  volume11/sparc-mtools
volume11        593978  volume11/starchart
volume11         15249  volume11/statline
volume11        161802  volume11/stevie3.69a
volume11          7090  volume11/tab
volume11         46160  volume11/texpp
volume11         29314  volume11/uport-herc
volume11          3650  volume11/uudec
volume11         64232  volume11/v11-index
volume11         11567  volume11/v11-welcome
volume11          3307  volume11/weekday.p1
volume11          5909  volume11/which5
volume12       1973013  volume12
volume12          4478  volume12/cheap-fax
volume12         12405  volume12/du-pc
volume12         42221  volume12/dvi2tty2
volume12        600436  volume12/ecu2.80
volume12         65233  volume12/ecuman2.80
volume12          1369  volume12/ephem4.13
volume12         12284  volume12/fc
volume12        207885  volume12/ffccc
volume12         16235  volume12/fm
volume12          1916  volume12/fol
volume12         29322  volume12/grabchars-1.9
volume12        128721  volume12/ms_sh-1.6
volume12        485370  volume12/mush
volume12          6230  volume12/music.logo
volume12          7285  volume12/newsbreak1.9
volume12        119059  volume12/psf2
volume12          7888  volume12/ranlib
volume12          5987  volume12/rot
volume12          8007  volume12/round-robin
volume12          2339  volume12/safe-rm.csh
volume12          7750  volume12/sparc-mtools
volume12         79875  volume12/starchart2
volume12          5386  volume12/telewords
volume12         10989  volume12/unpackmaps3.0
volume12         69092  volume12/v12index
volume12         11502  volume12/v12welcome
volume12         14566  volume12/wclock
volume13       2137945  volume13
volume13         12123  volume13/ansi-c_su
volume13         13130  volume13/bbs_bk
volume13          8694  volume13/bibmake
volume13         51755  volume13/chemtab
volume13         68912  volume13/combine
volume13          5260  volume13/deltac
volume13         47008  volume13/ecu2.80
volume13          3709  volume13/elmedit
volume13        147461  volume13/faces-1.4.5
volume13         26715  volume13/fm-2.0
volume13         31116  volume13/forms.el
volume13          2935  volume13/ftpget
volume13        202073  volume13/gcc-os9_68k
volume13          9693  volume13/gdiff-tc
volume13         16031  volume13/genman-2.0
volume13          6763  volume13/gif-cgi
volume13          6710  volume13/gif-cgi2
volume13        489900  volume13/gmcalc
volume13         17697  volume13/hd1.6
volume13          5842  volume13/jupmoons
volume13        167564  volume13/lj2ps
volume13        218987  volume13/lj2ps-1.2
volume13          7956  volume13/lunisolar
volume13         46805  volume13/make1.6
volume13          9360  volume13/menu_mh
volume13         32860  volume13/ms_sh-1.6
volume13         21512  volume13/numeqn
volume13         21589  volume13/opqcp
volume13          8203  volume13/patch-tc
volume13         14918  volume13/preroff
volume13          7963  volume13/rftp
volume13          4198  volume13/skiplists
volume13          7610  volume13/su-someone
volume13         94639  volume13/tipx
volume13         12493  volume13/tps
volume13         68915  volume13/u386mon
volume13         69885  volume13/u386mon-1.12
volume13         89713  volume13/v13index
volume13         53360  volume13/wroff
volume14       1730338  volume14
volume14          5129  volume14/aagxl.ti
volume14          3578  volume14/apropos-sgi
volume14         13224  volume14/ataritoppm
volume14         59154  volume14/back-prop
volume14         56032  volume14/cat2deskjet
volume14         44324  volume14/chemtab-1.2
volume14        433706  volume14/dmake
volume14          2642  volume14/ds
volume14         23577  volume14/enh-du
volume14        155000  volume14/ephem-4.21
volume14           854  volume14/ephem4.13
volume14         65509  volume14/faces-1.4.5
volume14         45453  volume14/gmcalc
volume14         27932  volume14/lc
volume14          5996  volume14/libpw
volume14         11556  volume14/mfold
volume14          4778  volume14/mkkey
volume14         13345  volume14/mn
volume14        124726  volume14/mp-2.4.5
volume14         26454  volume14/ms_sh-1.6
volume14         22991  volume14/mush
volume14          1509  volume14/n3emo-orbit
volume14          8002  volume14/ngdump
volume14          4094  volume14/nlist_wht
volume14         92056  volume14/pac
volume14          5886  volume14/pc2unix
volume14          2363  volume14/perpetual.l
volume14          3368  volume14/rmail-uucp
volume14         11931  volume14/rn-comments
volume14          9664  volume14/sccs_b
volume14         11637  volume14/silo
volume14          4900  volume14/strstr
volume14          2816  volume14/termserv
volume14         88993  volume14/u386mon-2.0
volume14        118988  volume14/u386mon-2.20
volume14         18649  volume14/unidiff
volume14         78508  volume14/unzip-3.1
volume14         86688  volume14/v14index
volume14         11788  volume14/vdd
volume14          3868  volume14/wall-write
volume15       2043007  volume15
volume15         11547  volume15/atos
volume15         38865  volume15/bootmenu
volume15        430218  volume15/calc-1.05
volume15          6744  volume15/caplib
volume15         90720  volume15/cardfile
volume15          2936  volume15/codon
volume15         31025  volume15/compact_sv
volume15          8809  volume15/dates.lsp
volume15        532343  volume15/dmake-3.6
volume15          3059  volume15/dohours
volume15         33692  volume15/enquire-4.3
volume15         55078  volume15/ephem-4.21
volume15          8733  volume15/fb
volume15         65555  volume15/g3g4
volume15          5566  volume15/gc1000
volume15         99637  volume15/getty_ps
volume15        132164  volume15/ggems
volume15        120427  volume15/gnuplot2
volume15          7030  volume15/greedy
volume15          5688  volume15/jjrsl
volume15         16896  volume15/kbmap
volume15         10780  volume15/l2a
volume15          4285  volume15/look_rac
volume15          4088  volume15/makehosts
volume15         12232  volume15/mfold-1.04-ps
volume15         33191  volume15/mpsim
volume15          8437  volume15/newsbreak1.11
volume15          4484  volume15/pcmail2
volume15         58774  volume15/rnalib2
volume15          5888  volume15/sccs2rcs_kc
volume15          6294  volume15/sec
volume15         36438  volume15/st-01_scsi
volume15         41276  volume15/upm
volume15         92725  volume15/v15index
volume15         11497  volume15/v15welcome
volume16       1792834  volume16
volume16         10587  volume16/atos
volume16         12648  volume16/bsnews1.3
volume16          7127  volume16/cap
volume16          6104  volume16/cd-index
volume16          5754  volume16/dosdu
volume16        843776  volume16/ecu3
volume16         26163  volume16/ecu3-excel
volume16         59888  volume16/ecuman3
volume16          7578  volume16/finddup
volume16        142737  volume16/gnuplot2.02
volume16          3425  volume16/hanoi
volume16         21093  volume16/ichk
volume16          6726  volume16/intercal.pl
volume16         93721  volume16/jgraph
volume16         13448  volume16/lc
volume16         14622  volume16/log_tcp
volume16          3415  volume16/mfold
volume16         25863  volume16/mh-scripts
volume16         15517  volume16/mkptypes
volume16         20243  volume16/mnemosyne
volume16         32433  volume16/ms_sh-1.6
volume16         13847  volume16/mtf
volume16          7342  volume16/news_split
volume16          5572  volume16/newsclean
volume16          9102  volume16/newsclean2.1
volume16        113922  volume16/nlmdl
volume16         10624  volume16/nogetty
volume16          3734  volume16/parse
volume16         26195  volume16/procmail
volume16         18450  volume16/pscmenu
volume16         15594  volume16/psnup
volume16        105088  volume16/sipp2.0
volume16          6191  volume16/soundmail
volume16          7470  volume16/strftime
volume17       1906511  volume17
volume17        581307  volume17/calentool
volume17          5431  volume17/clife
volume17          5240  volume17/cmail
volume17         89570  volume17/com_err
volume17         36994  volume17/cproto
volume17         91948  volume17/delete
volume17          2246  volume17/ecu3
volume17         10921  volume17/finddup
volume17         42195  volume17/freeze
volume17         53182  volume17/hebcalen
volume17          6304  volume17/iozone
volume17         24447  volume17/login
volume17         17179  volume17/lwho
volume17          3625  volume17/manlist
volume17         13236  volume17/maze-via-vi
volume17          4924  volume17/menubar
volume17          2615  volume17/mfold
volume17         16094  volume17/midifile
volume17          8865  volume17/mkptypes
volume17         10260  volume17/newgroup
volume17          6326  volume17/news_split
volume17         12606  volume17/news_split1.6
volume17          9994  volume17/newsbreak
volume17        360910  volume17/parseargs
volume17         14063  volume17/pl
volume17         11554  volume17/post.icn
volume17         38274  volume17/procmail
volume17          4552  volume17/psnup
volume17          3646  volume17/quacko
volume17         17137  volume17/regex
volume17         96393  volume17/remind
volume17        138847  volume17/rkive
volume17          9349  volume17/rotate_log
volume17         14104  volume17/shmed
volume17         18229  volume17/smiley
volume17         15205  volume17/space
volume17          7719  volume17/strftime
volume17          6633  volume17/which6
volume17          6622  volume17/wildmat
volume17          6650  volume17/wildmat-1.4
volume18       2235492  volume18
volume18         29407  volume18/cdl
volume18          7612  volume18/clife
volume18          5147  volume18/cproto
volume18          3328  volume18/df2
volume18          6281  volume18/jgraph
volume18         52342  volume18/libhoward
volume18          7721  volume18/menubar
volume18        524139  volume18/mush
volume18         63029  volume18/notation
volume18         22168  volume18/oraperl
volume18         73219  volume18/parseargs
volume18        830628  volume18/perl
volume18         87333  volume18/planet
volume18         20450  volume18/scene
volume18         22053  volume18/smiley
volume18         28714  volume18/upsd
volume18        367003  volume18/zsh2.00
volume19       1988430  volume19
volume19         17092  volume19/calentool
volume19        199014  volume19/crisp1.9
volume19          3532  volume19/df2
volume19          6986  volume19/df2_r4
volume19        715247  volume19/dmake
volume19         67661  volume19/dvi
volume19          7464  volume19/freeze
volume19        153703  volume19/gnuchess
volume19         14823  volume19/jgraph
volume19         11479  volume19/log_archie
volume19          3404  volume19/md4.el
volume19         38334  volume19/md4tools
volume19        119691  volume19/parseargs
volume19         30084  volume19/pclcomp
volume19         20751  volume19/plot3d
volume19          5928  volume19/pvoc
volume19         60977  volume19/rkive
volume19          5233  volume19/rotate_log
volume19         11690  volume19/sipp2.0
volume19          1708  volume19/unsh
volume19         27632  volume19/untype1
volume19        133005  volume19/unzip
volume19        118640  volume19/wacco
volume19        121926  volume19/zsh2.00
volume20       1813048  volume20
volume20         28171  volume20/aixmon
volume20        109183  volume20/bibleref
volume20         41644  volume20/cfortran
volume20          4385  volume20/cgrep
volume20          5000  volume20/cgrep2
volume20         47420  volume20/compress
volume20         10415  volume20/delete
volume20        193642  volume20/dmake
volume20          7423  volume20/dvi
volume20         33953  volume20/epsonps
volume20          9591  volume20/freeze
volume20          2710  volume20/ftok
volume20          2092  volume20/getopt.h
volume20          1127  volume20/gnuchess
volume20         79719  volume20/hp2pk
volume20          9230  volume20/iozone
volume20         10116  volume20/iozone1.09
volume20         67759  volume20/ivinfo
volume20         24282  volume20/jargon
volume20          1413  volume20/log_archie
volume20         18733  volume20/log_tcp
volume20         18992  volume20/low-perc
volume20          4640  volume20/menubar
volume20         13830  volume20/mtalk
volume20         12197  volume20/mush
volume20        101943  volume20/notation
volume20          7007  volume20/oraperl
volume20         29690  volume20/parseargs
volume20        153558  volume20/perl
volume20          3302  volume20/pfb2ps
volume20          3104  volume20/pmd
volume20         86324  volume20/procmail
volume20         75358  volume20/procmail2.10
volume20         90552  volume20/rc
volume20          9797  volume20/reclin
volume20          4408  volume20/remtime
volume20        167719  volume20/sc
volume20         69115  volume20/scan
volume20          3193  volume20/sipp2.0
volume20         27328  volume20/smiley
volume20         39790  volume20/sndblast
volume20          4589  volume20/tcexparg
volume20          4537  volume20/us
volume20          4054  volume20/wacco
volume20         77446  volume20/zsh2.00
volume21       2115581  volume21
volume21         56403  volume21/cloops
volume21        852812  volume21/ecu
volume21         89587  volume21/ecuman
volume21         25633  volume21/gensys
volume21         11348  volume21/gnuchess
volume21          5099  volume21/inactive
volume21         63240  volume21/indent
volume21          8288  volume21/libiexec
volume21         24683  volume21/lprps
volume21          5279  volume21/mailmerge
volume21         17172  volume21/malloc-debug
volume21         15501  volume21/mced
volume21         44366  volume21/midilib
volume21         16974  volume21/msort
volume21         65987  volume21/newmat02
volume21          9994  volume21/newspack
volume21          8601  volume21/procmail2.10
volume21         36075  volume21/pscmenu
volume21        437692  volume21/rayshade
volume21         11466  volume21/remind
volume21          3919  volume21/rotate_log
volume21        153075  volume21/sipp
volume21         34131  volume21/thought
volume21         16960  volume21/uoodoo
volume21          3163  volume21/wacco
volume22       2074563  volume22
volume22         43403  volume22/XlsX
volume22          3944  volume22/aff
volume22         19776  volume22/agetty
volume22         77586  volume22/archie
volume22          5694  volume22/average
volume22         71188  volume22/back-prop
volume22        186590  volume22/beav
volume22         13851  volume22/bibleref
volume22         21799  volume22/bigb
volume22         20138  volume22/bsnews
volume22          7163  volume22/cdmount
volume22          7046  volume22/cdmount2
volume22        102515  volume22/crack
volume22         93154  volume22/crefine
volume22        295362  volume22/ecu
volume22          4942  volume22/envelope
volume22         22254  volume22/fir
volume22         23815  volume22/ftape
volume22          8774  volume22/gademo
volume22          8899  volume22/gnuchess
volume22         10455  volume22/iozone
volume22         64797  volume22/m2latex
volume22         15742  volume22/mailclean
volume22         45612  volume22/mntdisk
volume22          3040  volume22/n3emo-orbit
volume22         10535  volume22/newsbreak
volume22          3616  volume22/nfsxopen
volume22         15144  volume22/omfdump
volume22         16192  volume22/oraperl
volume22         21967  volume22/parseargs
volume22         28025  volume22/perl_archie
volume22        194366  volume22/popi
volume22          6219  volume22/prtscrn
volume22         39064  volume22/pscmenu
volume22         53742  volume22/psutils
volume22          6308  volume22/remind
volume22          9745  volume22/rndname4
volume22        130541  volume22/sc
volume22          3338  volume22/smount
volume22          3547  volume22/smount1.1
volume22         27481  volume22/thought
volume22        150258  volume22/u386mon
volume22         12620  volume22/unpackmaps
volume22         62074  volume22/wp2x
volume23       2252977  volume23
volume23         49773  volume23/afio
volume23         31039  volume23/asp
volume23        133596  volume23/crack
volume23          6889  volume23/ison
volume23         43970  volume23/jgraph
volume23         25301  volume23/log_tcp
volume23         10584  volume23/lyapunov
volume23         62034  volume23/pascal
volume23        578964  volume23/pbmplus
volume23          2023  volume23/psutils
volume23        124582  volume23/quranref
volume23         37242  volume23/rayshade
volume23        155684  volume23/rc
volume23         16127  volume23/sc
volume23          9034  volume23/sigrnd
volume23         33624  volume23/smiley
volume23          4814  volume23/texindex
volume23        365938  volume23/tin
volume23         91384  volume23/tua
volume23         35099  volume23/ufc-crypt
volume23         34030  volume23/unproto
volume23         71319  volume23/xenix-gnu
volume23        216784  volume23/zip
