_etc_              466  READ-ME
i7                   0  Kille.photo
i7                  35  Ltd.photo
i7                   0  Onions.photo
i7                   0  Robbins.audio
i7                   0  Robbins.photo
i7                   0  University.photo
i7                   6  Warwick.photo
i7            12303735  isode-7.0
i7              173033  isode-7.0/acsap
i7              306666  isode-7.0/compat
i7              112133  isode-7.0/config
i7               47902  isode-7.0/dirent
i7              176805  isode-7.0/doc
i7             1190189  isode-7.0/dsap
i7              633593  isode-7.0/dsap/common
i7              242726  isode-7.0/dsap/net
i7              275412  isode-7.0/dsap/x500as
i7              317831  isode-7.0/ftam
i7               25929  isode-7.0/ftam-ftp
i7              277387  isode-7.0/ftam2
i7                1635  isode-7.0/ftam2/eurosinet
i7               34697  isode-7.0/ftp-ftam
i7              361643  isode-7.0/h
i7              103835  isode-7.0/h/quipu
i7               68791  isode-7.0/imisc
i7             3120963  isode-7.0/others
i7              220853  isode-7.0/others/X
i7                 177  isode-7.0/others/X/bin
i7               76595  isode-7.0/others/X/client
i7                5621  isode-7.0/others/X/ideas
i7               86401  isode-7.0/others/X/server
i7                 927  isode-7.0/others/X/uwm
i7                 407  isode-7.0/others/X/xedit
i7                 446  isode-7.0/others/X/xev
i7               11122  isode-7.0/others/X/xhost
i7               13886  isode-7.0/others/X/xinit
i7                 456  isode-7.0/others/X/xmag
i7                 616  isode-7.0/others/X/xterm
i7                 433  isode-7.0/others/X/xwininfo
i7               19091  isode-7.0/others/callback
i7              140627  isode-7.0/others/idist
i7               12885  isode-7.0/others/listen
i7               40092  isode-7.0/others/lookup
i7               31495  isode-7.0/others/mosy
i7              236853  isode-7.0/others/ntp
i7                5095  isode-7.0/others/ntp/config.examples
i7                5737  isode-7.0/others/osilookup
i7                8177  isode-7.0/others/pingpong
i7             2010189  isode-7.0/others/quipu
i7               59892  isode-7.0/others/quipu/image
i7              108264  isode-7.0/others/quipu/photo
i7              344408  isode-7.0/others/quipu/quipu-db
i7              170912  isode-7.0/others/quipu/tools
i7             1323567  isode-7.0/others/quipu/uips
i7              305095  isode-7.0/others/rfa
i7               34231  isode-7.0/others/rtf
i7               24070  isode-7.0/others/tp0bridge
i7               27625  isode-7.0/others/tsbridge
i7              972616  isode-7.0/pepsy
i7               84227  isode-7.0/pepsy/doc
i7              529421  isode-7.0/pepy
i7              118317  isode-7.0/pepy/test
i7              115692  isode-7.0/pepy/test.asn1
i7                4005  isode-7.0/pepy/test/A
i7              110638  isode-7.0/pepy/test/mhs
i7              217533  isode-7.0/psap
i7                6621  isode-7.0/psap/test
i7              162954  isode-7.0/psap2
i7               91899  isode-7.0/psap2-lpp
i7              832965  isode-7.0/quipu
i7              214770  isode-7.0/quipu/dish
i7               11188  isode-7.0/quipu/turbo
i7               44403  isode-7.0/ronot
i7              250563  isode-7.0/rosap
i7              125258  isode-7.0/rosap/test
i7              109747  isode-7.0/rosy
i7              171175  isode-7.0/rtsap
i7               20829  isode-7.0/rtsap/test
i7             1483284  isode-7.0/snmp
i7              123049  isode-7.0/snmp/gawk-2.11
i7               56758  isode-7.0/snmp/gawk-2.11/s-gawk
i7              219968  isode-7.0/ssap
i7              263187  isode-7.0/support
i7                1721  isode-7.0/template
i7              277523  isode-7.0/tsap
i7                5896  isode-7.0/util
i7              281860  isode-7.0/vt
i7_doc         9390758  isode-7.0
i7_doc         9390758  isode-7.0/doc
i7_doc          161111  isode-7.0/doc/cn-isdn
i7_doc           19883  isode-7.0/doc/comments
i7_doc          374877  isode-7.0/doc/cookbook
i7_doc           53212  isode-7.0/doc/ds
i7_doc           80746  isode-7.0/doc/duug
i7_doc          137988  isode-7.0/doc/dvi2ps
i7_doc          115643  isode-7.0/doc/ftam
i7_doc           12912  isode-7.0/doc/ifip88-quipu
i7_doc           33200  isode-7.0/doc/interim
i7_doc          445141  isode-7.0/doc/internals1
i7_doc          520011  isode-7.0/doc/internals2
i7_doc          521264  isode-7.0/doc/internals3
i7_doc           63213  isode-7.0/doc/islands
i7_doc           66391  isode-7.0/doc/iso-migrate
i7_doc          108546  isode-7.0/doc/isode1
i7_doc          104733  isode-7.0/doc/isode2
i7_doc           37360  isode-7.0/doc/isode3
i7_doc           36949  isode-7.0/doc/isode4
i7_doc           38065  isode-7.0/doc/isode5
i7_doc           69234  isode-7.0/doc/isode6
i7_doc          114958  isode-7.0/doc/issues
i7_doc         1907563  isode-7.0/doc/manual
i7_doc            7613  isode-7.0/doc/map-migrate
i7_doc          935709  isode-7.0/doc/memos
i7_doc           47770  isode-7.0/doc/monterey
i7_doc           49324  isode-7.0/doc/ncf
i7_doc          193759  isode-7.0/doc/nordunet
i7_doc           13767  isode-7.0/doc/osi-posix
i7_doc           21007  isode-7.0/doc/osi-update
i7_doc          623374  isode-7.0/doc/practical-osi1
i7_doc          390051  isode-7.0/doc/practical-osi2
i7_doc          426169  isode-7.0/doc/practical-osi3
i7_doc          397503  isode-7.0/doc/practical-osi4
i7_doc             487  isode-7.0/doc/ps
i7_doc          159911  isode-7.0/doc/quipu
i7_doc           11041  isode-7.0/doc/reality
i7_doc           32434  isode-7.0/doc/snmp
i7_doc           40606  isode-7.0/doc/trek
i7_doc            6078  isode-7.0/doc/tsap
i7_doc            9484  isode-7.0/doc/tsaptalk
i7_doc           45961  isode-7.0/doc/ufn
i7_doc          945605  isode-7.0/doc/whitepages
i7_doc          235372  isode-7.0/doc/whitepages/administrator
i7_doc           26426  isode-7.0/doc/whitepages/introduction
i7_doc          386650  isode-7.0/doc/whitepages/pilot
i7_doc           36498  isode-7.0/doc/whitepages/report-1
i7_doc           67706  isode-7.0/doc/whitepages/report-2
i7_doc           90933  isode-7.0/doc/whitepages/report-3
i7_doc           77403  isode-7.0/doc/whitepages/user
i7_ps         16219837  isode-7.0
i7_ps         16219837  isode-7.0/doc
i7_ps         16219837  isode-7.0/doc/ps
i7_usps       15128039  isode-7.0
i7_usps       15128039  isode-7.0/doc
i7_usps       15128039  isode-7.0/doc/ps
i_snmp            1253  isode-snmp
pp5            4762607  pp-5.0
pp5            1169971  pp-5.0/Chans
pp5              55356  pp-5.0/Chans/822-local
pp5             164500  pp-5.0/Chans/dirlist
pp5              60306  pp-5.0/Chans/dr2rfc
pp5              21364  pp-5.0/Chans/filtercontrol
pp5              44868  pp-5.0/Chans/grey
pp5              18147  pp-5.0/Chans/list
pp5              10547  pp-5.0/Chans/msg-clean
pp5              32382  pp-5.0/Chans/qmgr-load
pp5              23717  pp-5.0/Chans/shell
pp5              40171  pp-5.0/Chans/slocal
pp5              68593  pp-5.0/Chans/smtp
pp5               8077  pp-5.0/Chans/timeout
pp5              11363  pp-5.0/Chans/trashman
pp5              50244  pp-5.0/Chans/uucp
pp5             192170  pp-5.0/Chans/x40084
pp5             366826  pp-5.0/Chans/x40088
pp5              54498  pp-5.0/Chans/x40088/asn1
pp5             231314  pp-5.0/Format
pp5              35330  pp-5.0/Format/p2explode
pp5              32818  pp-5.0/Format/p2flatten
pp5             107458  pp-5.0/Format/rfc1148
pp5              30590  pp-5.0/Format/rfc822norm
pp5              24011  pp-5.0/Format/rfc934
pp5             701814  pp-5.0/Lib
pp5              84186  pp-5.0/Lib/addr
pp5              57768  pp-5.0/Lib/format
pp5              43882  pp-5.0/Lib/io
pp5              73787  pp-5.0/Lib/or
pp5              53131  pp-5.0/Lib/parse
pp5             192822  pp-5.0/Lib/pp
pp5              61224  pp-5.0/Lib/qmgr
pp5              59189  pp-5.0/Lib/table
pp5              32454  pp-5.0/Lib/tai
pp5              40630  pp-5.0/Lib/util
pp5             657275  pp-5.0/Src
pp5             293275  pp-5.0/Src/MTAconsole
pp5              19919  pp-5.0/Src/pptsapd
pp5             190899  pp-5.0/Src/qmgr
pp5             152363  pp-5.0/Src/submit
pp5             499275  pp-5.0/Tools
pp5              10964  pp-5.0/Tools/bin2ascii
pp5               2809  pp-5.0/Tools/bin2hex
pp5               4806  pp-5.0/Tools/ckadr
pp5              23342  pp-5.0/Tools/ckchan
pp5              29085  pp-5.0/Tools/ckconfig
pp5              21456  pp-5.0/Tools/ckmail
pp5               6880  pp-5.0/Tools/ckor
pp5              16157  pp-5.0/Tools/dbmbuild
pp5              10420  pp-5.0/Tools/dbmedit
pp5               3390  pp-5.0/Tools/hex2bin
pp5              14903  pp-5.0/Tools/make-lists
pp5              25971  pp-5.0/Tools/misc
pp5               3263  pp-5.0/Tools/mkpasswd
pp5              33873  pp-5.0/Tools/mlist
pp5              35781  pp-5.0/Tools/mpp84
pp5              67461  pp-5.0/Tools/mpp88
pp5              52566  pp-5.0/Tools/mu
pp5               4064  pp-5.0/Tools/nsapexpand
pp5              32072  pp-5.0/Tools/ntail
pp5              14567  pp-5.0/Tools/probe
pp5              14167  pp-5.0/Tools/qmgrDisable
pp5              13128  pp-5.0/Tools/splat
pp5              12346  pp-5.0/Tools/statgen
pp5              44699  pp-5.0/Tools/tables
pp5               4193  pp-5.0/Tools/tables/abbrev
pp5               3901  pp-5.0/Tools/tables/pp-rfc987
pp5               3613  pp-5.0/Tools/tables/rfc987-pp
pp5              31930  pp-5.0/Tools/tables/tjoin
pp5              87361  pp-5.0/Uip
pp5               5984  pp-5.0/Uip/mail
pp5               6625  pp-5.0/Uip/misc
pp5              37041  pp-5.0/Uip/rcvalert
pp5              17197  pp-5.0/Uip/rcvtrip
pp5               6837  pp-5.0/Uip/resend
pp5              12573  pp-5.0/Uip/sendmail
pp5              34395  pp-5.0/config
pp5             978916  pp-5.0/doc
pp5             228116  pp-5.0/doc/ifip6.5-88
pp5              24782  pp-5.0/doc/ifip6.5-88/slides
pp5             741412  pp-5.0/doc/manual
pp5                133  pp-5.0/doc/manual/ps
pp5              67874  pp-5.0/doc/manual/texinputs
pp5              52864  pp-5.0/doc/manual/volume0
pp5             397638  pp-5.0/doc/manual/volume1
pp5             150921  pp-5.0/doc/manual/volume2
pp5              69716  pp-5.0/doc/manual/volume3
pp5               7742  pp-5.0/doc/tailor
pp5             213846  pp-5.0/examples
pp5               1761  pp-5.0/examples/INTERNET
pp5               1758  pp-5.0/examples/JANET
pp5               1762  pp-5.0/examples/LOCALSMTP
pp5              29786  pp-5.0/examples/master
pp5              64515  pp-5.0/examples/nott
pp5             112325  pp-5.0/examples/ucl
pp5              77460  pp-5.0/h
pp5              86605  pp-5.0/man
pp5              26918  pp-5.0/man/man1
pp5               6231  pp-5.0/man/man3
pp5              10453  pp-5.0/man/man5
pp5              38843  pp-5.0/man/man8
pp5               2629  pp-5.0/template
pp5_2          4947583  pp-5.2
pp5_2          1206388  pp-5.2/Chans
pp5_2            56114  pp-5.2/Chans/822-local
pp5_2           164725  pp-5.2/Chans/dirlist
pp5_2            60303  pp-5.2/Chans/dr2rfc
pp5_2            21789  pp-5.2/Chans/filtercontrol
pp5_2            45645  pp-5.2/Chans/grey
pp5_2            19636  pp-5.2/Chans/list
pp5_2            11205  pp-5.2/Chans/msg-clean
pp5_2            33663  pp-5.2/Chans/qmgr-load
pp5_2            23743  pp-5.2/Chans/shell
pp5_2            40171  pp-5.2/Chans/slocal
pp5_2            69423  pp-5.2/Chans/smtp
pp5_2             8032  pp-5.2/Chans/timeout
pp5_2            11520  pp-5.2/Chans/trashman
pp5_2            50759  pp-5.2/Chans/uucp
pp5_2           196610  pp-5.2/Chans/x40084
pp5_2           391710  pp-5.2/Chans/x40088
pp5_2            55620  pp-5.2/Chans/x40088/asn1
pp5_2           235222  pp-5.2/Format
pp5_2            36455  pp-5.2/Format/p2explode
pp5_2            32861  pp-5.2/Format/p2flatten
pp5_2           109912  pp-5.2/Format/rfc1148
pp5_2            30843  pp-5.2/Format/rfc822norm
pp5_2            24044  pp-5.2/Format/rfc934
pp5_2           719267  pp-5.2/Lib
pp5_2            84242  pp-5.2/Lib/addr
pp5_2            57979  pp-5.2/Lib/format
pp5_2            43923  pp-5.2/Lib/io
pp5_2            78730  pp-5.2/Lib/or
pp5_2            57731  pp-5.2/Lib/parse
pp5_2           192498  pp-5.2/Lib/pp
pp5_2            61822  pp-5.2/Lib/qmgr
pp5_2            59987  pp-5.2/Lib/table
pp5_2            32813  pp-5.2/Lib/tai
pp5_2            40802  pp-5.2/Lib/util
pp5_2             5994  pp-5.2/Lib/x400
pp5_2           676913  pp-5.2/Src
pp5_2           304642  pp-5.2/Src/MTAconsole
pp5_2            19919  pp-5.2/Src/pptsapd
pp5_2           199576  pp-5.2/Src/qmgr
pp5_2           151957  pp-5.2/Src/submit
pp5_2           509303  pp-5.2/Tools
pp5_2            10964  pp-5.2/Tools/bin2ascii
pp5_2             2809  pp-5.2/Tools/bin2hex
pp5_2             4977  pp-5.2/Tools/ckadr
pp5_2            25519  pp-5.2/Tools/ckchan
pp5_2            30919  pp-5.2/Tools/ckconfig
pp5_2            21456  pp-5.2/Tools/ckmail
pp5_2             6880  pp-5.2/Tools/ckor
pp5_2            16157  pp-5.2/Tools/dbmbuild
pp5_2            10420  pp-5.2/Tools/dbmedit
pp5_2             6125  pp-5.2/Tools/ean2real
pp5_2             3390  pp-5.2/Tools/hex2bin
pp5_2            14903  pp-5.2/Tools/make-lists
pp5_2            25971  pp-5.2/Tools/misc
pp5_2             3263  pp-5.2/Tools/mkpasswd
pp5_2            34978  pp-5.2/Tools/mlist
pp5_2            35979  pp-5.2/Tools/mpp84
pp5_2            67461  pp-5.2/Tools/mpp88
pp5_2            52566  pp-5.2/Tools/mu
pp5_2             4064  pp-5.2/Tools/nsapexpand
pp5_2            32072  pp-5.2/Tools/ntail
pp5_2            14567  pp-5.2/Tools/probe
pp5_2            14167  pp-5.2/Tools/qmgrDisable
pp5_2            13128  pp-5.2/Tools/splat
pp5_2            12021  pp-5.2/Tools/statgen
pp5_2            43442  pp-5.2/Tools/tables
pp5_2             4193  pp-5.2/Tools/tables/abbrev
pp5_2             3901  pp-5.2/Tools/tables/pp-rfc987
pp5_2             2356  pp-5.2/Tools/tables/rfc987-pp
pp5_2            31930  pp-5.2/Tools/tables/tjoin
pp5_2            87828  pp-5.2/Uip
pp5_2             5984  pp-5.2/Uip/mail
pp5_2             6625  pp-5.2/Uip/misc
pp5_2            37307  pp-5.2/Uip/rcvalert
pp5_2            17197  pp-5.2/Uip/rcvtrip
pp5_2             6848  pp-5.2/Uip/resend
pp5_2            12763  pp-5.2/Uip/sendmail
pp5_2            34211  pp-5.2/config
pp5_2          1074430  pp-5.2/doc
pp5_2           228116  pp-5.2/doc/ifip6.5-88
pp5_2            24782  pp-5.2/doc/ifip6.5-88/slides
pp5_2           836926  pp-5.2/doc/manual
pp5_2              133  pp-5.2/doc/manual/ps
pp5_2            67873  pp-5.2/doc/manual/texinputs
pp5_2           109338  pp-5.2/doc/manual/volume0
pp5_2           413299  pp-5.2/doc/manual/volume1
pp5_2           161770  pp-5.2/doc/manual/volume2
pp5_2            82247  pp-5.2/doc/manual/volume3
pp5_2             7742  pp-5.2/doc/tailor
pp5_2           213532  pp-5.2/examples
pp5_2             1753  pp-5.2/examples/INTERNET
pp5_2             1750  pp-5.2/examples/JANET
pp5_2             1754  pp-5.2/examples/LOCALSMTP
pp5_2            29496  pp-5.2/examples/master
pp5_2            64515  pp-5.2/examples/nott
pp5_2           112325  pp-5.2/examples/ucl
pp5_2            79010  pp-5.2/h
pp5_2            87242  pp-5.2/man
pp5_2            26918  pp-5.2/man/man1
pp5_2             6231  pp-5.2/man/man3
pp5_2            10453  pp-5.2/man/man5
pp5_2            39480  pp-5.2/man/man8
pp5_2             2629  pp-5.2/template
pp5_usps       4511673  pp-5.0
pp5_usps       4511673  pp-5.0/doc
pp5_usps       4511673  pp-5.0/doc/manual
pp5_usps       4511673  pp-5.0/doc/manual/ps
snmp_ug         381795  UPGRADE-1
