3_1r5             9559  README.FIRST
3_1r5             2942  README.NCSA
3_1r5             2418  README.VMS
3_1r5              880  RELEASE.NOTES
3_1r5          1019406  src
_etc_            15713  Newsletter1
_etc_            20876  Newsletter2
_etc_            19869  Newsletter3
_etc_            27041  Newsletter4
doc            1193670  doc
doc             344265  doc/ascii
doc              95071  doc/ascii/HDF_Specs
doc             249194  doc/ascii/NCSA_HDF
doc             846988  doc/postscript
doc             846988  doc/postscript/HDF_Specs
examples        507072  examples
examples         29132  examples/ann
examples          2103  examples/err
examples        413717  examples/files
examples          3641  examples/packing
examples         18582  examples/ris8
examples         32746  examples/sds
examples          3641  examples/sds/craypacking
examples          7551  examples/sds/multi_test
examples          8273  examples/sds/slices
examples          7013  examples/sds/speed
examples          2590  examples/util
examples           927  examples/util/hdf24to8
examples          1663  examples/util/r8tohdf
utils           839271  HDF3.1r5
utils           839271  HDF3.1r5/utils
utils            16505  HDF3.1r5/utils/fixatr
utils           326887  HDF3.1r5/utils/fp2hdf
utils           495879  HDF3.1r5/utils/hdfed
vset2_1d        733203  docs
vset2_1d        218197  docs/Word
vset2_1d        504149  docs/postscript
vset2_1s          1815  CHANGES.doc
vset2_1s          2315  Makefile
vset2_1s          2275  Makefile.sgi
vset2_1s          2306  Makefile.sun
vset2_1s          2323  Makefile.u2
vset2_1s          2316  Makefile.uy
vset2_1s           442  README
vset2_1s           217  do
vset2_1s          3255  eg1.f
vset2_1s          3083  eg2.f
vset2_1s          1271  eghi.f
vset2_1s          2780  eh.f
vset2_1s           127  fdo
vset2_1s           579  mdat.c
vset2_1s          1114  testf.c
vset2_1s           474  vcompat.c
vset2_1s          3999  vconcat.c
vset2_1s         20570  vconv.c
vset2_1s         15342  vg.c
vset2_1s          9797  vg.h
vset2_1s         20116  vgF.c
vset2_1s         13835  vgFf.f
vset2_1s         27077  vgp.c
vset2_1s          3100  vhi.c
vset2_1s         16069  vio.c
vset2_1s         10146  vmake.c
vset2_1s          3233  vparse.c
vset2_1s         18899  vrw.c
vset2_1s          2135  vseteg.f
vset2_1s          8111  vsetf.c
vset2_1s          7053  vshow.c
vset2_1s           725  vtest1.c
vset2_1s          1463  vtest2.c
vset2_1s          1314  vtest3.c
vset2_1s          1171  vtest4.c
vset2_1s           643  vtest5.c
vset2_1s           748  vtest6.c
vset2_1s           936  vtest7.c
vset2_1s          3368  vtesthi.c
