pcl               1424  12-7-88-notes.text
pcl               6427  3-17-88-notes.text
pcl               5215  3-19-87-notes.text
pcl              18837  3600-low.lisp
pcl               1628  4-21-87-notes.text
pcl               2656  4-29-87-notes.text
pcl               3498  5-22-87-notes.text
pcl              31743  7debug.lisp
pcl              20503  8-28-88-notes.text
pcl              45243  boot.lisp
pcl              13746  braid1.lisp
pcl               2086  cmu-low.lisp
pcl              65565  combin-test.lisp
pcl              15201  combin.lisp
pcl               1142  compat.lisp
pcl              40984  construct.lisp
pcl               2236  coral-low.lisp
pcl              32002  dcode.lisp
pcl              21719  defclass.lisp
pcl              19071  defs.lisp
pcl              29044  defsys.lisp
pcl             285547  doc
pcl               2994  env.lisp
pcl               5917  excl-low.lisp
pcl              52580  fin.lisp
pcl               2771  fixup.lisp
pcl               5192  fsc.lisp
pcl               5732  gcl-patches.lisp
pcl               3932  get-pcl.text
pcl               2194  gold-low.lisp
pcl              13658  high.lisp
pcl               2999  hp-low.lisp
pcl              11029  ibcl-low.lisp
pcl               4327  ibcl-patches.lisp
pcl               6881  init.lisp
pcl              62031  iterate.lisp
pcl              11029  kcl-low.lisp
pcl               2708  kcl-mods.text
pcl               4305  kcl-patches.lisp
pcl              23988  lap.lisp
pcl              30649  low.lisp
pcl               8635  lucid-low.lisp
pcl              13464  macros.lisp
pcl              25199  methods.lisp
pcl               4900  notes.text
pcl               8384  pcl-env-internal
pcl               1501  pcl-env-internal.dfasl
pcl              63277  pcl-env.lisp
pcl               4492  pcl-env.text
pcl               4180  pkg.lisp
pcl              39261  points.lisp
pcl               1961  precom1.lisp
pcl               1681  precom2.lisp
pcl               1718  precom3.lisp
pcl               3403  precom4.lisp
pcl               1811  pyr-low.lisp
pcl                286  pyr-patches.lisp
pcl                443  readme.text
pcl               9806  rel-7-2-patches.lisp
pcl              17599  slots.lisp
pcl              38623  std-class.lisp
pcl              91794  test.lisp
pcl               3128  ti-low.lisp
pcl               3980  ti-patches.lisp
pcl               2637  vaxl-low.lisp
pcl              25317  vector.lisp
pcl              67359  walk.lisp
pcl             202880  web
pcl               9207  xerox-low.lisp
pcl               9591  xerox-patches.lisp
