_etc_              534  INDEX
_etc_             2042  README
_etc_            10169  abc.intro
_etc_              864  abcversions
abc_unix       1225609  abc
abc_unix         17621  abc/b
abc_unix        268350  abc/bed
abc_unix         18452  abc/bhdrs
abc_unix         85839  abc/bint1
abc_unix         92992  abc/bint2
abc_unix        143616  abc/bint3
abc_unix         21130  abc/bio
abc_unix         59092  abc/boot
abc_unix         68053  abc/btr
abc_unix         13824  abc/doc
abc_unix         15522  abc/ehdrs
abc_unix          8219  abc/ex
abc_unix          1241  abc/ex/generate
abc_unix           523  abc/ex/hanoi
abc_unix           482  abc/ex/pi
abc_unix          1250  abc/ex/try
abc_unix          1101  abc/ex/xref
abc_unix         25829  abc/ihdrs
abc_unix         39921  abc/keys
abc_unix         32565  abc/lin
abc_unix          2856  abc/scripts
abc_unix         45260  abc/stc
abc_unix         67307  abc/tc
abc_unix          6672  abc/uhdrs
abc_unix          5855  abc/ukeys
abc_unix         69820  abc/unix
temp           1257972  abc
temp             16967  abc/b
temp            273409  abc/bed
temp             19672  abc/bhdrs
temp             85797  abc/bint1
temp             94720  abc/bint2
temp            148835  abc/bint3
temp             18592  abc/bio
temp             59092  abc/boot
temp             68049  abc/btr
temp             12739  abc/doc
temp             14801  abc/ehdrs
temp              8488  abc/ex
temp              1296  abc/ex/generate
temp               543  abc/ex/hanoi
temp               499  abc/ex/pi
temp              1320  abc/ex/try
temp              1209  abc/ex/xref
temp             97284  abc/generic
temp             25569  abc/ihdrs
temp             49488  abc/keys
temp              2856  abc/scripts
temp             45113  abc/stc
temp              5095  abc/ukeys
temp             83643  abc/unix
