_etc_             5322  00README.ftp
_etc_             1678  NO_WARRANTY
_etc_            39578  README.TeX3.14
ams            4045173  ams
ams            2858256  ams/amsfonts
ams               5469  ams/amsfonts/bases
ams             305435  ams/amsfonts/cyrillic
ams              81045  ams/amsfonts/doc
ams            1176278  ams/amsfonts/euler
ams              79049  ams/amsfonts/extracm
ams              12752  ams/amsfonts/gf
ams               6375  ams/amsfonts/gf/gf120
ams               6377  ams/amsfonts/gf/gf300
ams             808607  ams/amsfonts/pk
ams                402  ams/amsfonts/pk/pk120
ams             402502  ams/amsfonts/pk/pk300
ams             405451  ams/amsfonts/pk/pk300w
ams             256803  ams/amsfonts/symbol
ams             108224  ams/amsfonts/tfm
ams             864233  ams/amslatex
ams             412272  ams/amslatex/doc
ams             147515  ams/amslatex/fontsel
ams             302770  ams/amslatex/inputs
ams             319364  ams/amstex
ams             195401  ams/amstex/doc
babel          1342065  babel
babel            52748  babel/dutch
babel            15772  babel/german
babel           212972  babel/greek
babel            35861  babel/greek/doc
babel           125366  babel/greek/src
babel            48641  babel/inrs-tex
babel             2316  babel/portuguese
babel           225843  babel/semitics
babel           351167  babel/swedish
babel           351167  babel/swedish/SLaTeX
babel             1697  babel/swedish/SLaTeX/doc2sty
babel            10281  babel/swedish/SLaTeX/l2sl
babel            84514  babel/swedish/SLaTeX/macros
babel            12331  babel/swedish/SLaTeX/spell
babel           145054  babel/swedish/SLaTeX/tde-macros
babel           432606  babel/turkish
babel            55965  babel/turkish/doc
babel             3576  babel/turkish/hyphen
babel            76937  babel/turkish/inputs
babel           221505  babel/turkish/mf
babel            73526  babel/turkish/misc
bsdtar           38120  bsdtar
c_tex           628852  .
c_tex            21248  ./BIG
c_tex            14266  ./BIG/INIT
c_tex             6982  ./BIG/VIR
c_tex            14034  ./BIGG
c_tex             7024  ./BIGG/INIT
c_tex             7010  ./BIGG/VIR
c_tex             7021  ./INIT
c_tex             6964  ./VIR
cmfonts        2603220  cmfonts
cmfonts          20846  cmfonts/cmtest
cmfonts           9376  cmfonts/gf
cmfonts            307  cmfonts/gf/gf120
cmfonts            307  cmfonts/gf/gf240
cmfonts            307  cmfonts/gf/gf300
cmfonts            310  cmfonts/gf/gf300w
cmfonts         736954  cmfonts/mf
cmfonts        1783283  cmfonts/pk
cmfonts         254439  cmfonts/pk/pk120
cmfonts         438135  cmfonts/pk/pk240
cmfonts         544415  cmfonts/pk/pk300
cmfonts         546294  cmfonts/pk/pk300w
dviware        6039074  DVIware
dviware        1267262  DVIware/crt-viewers
dviware         232331  DVIware/crt-viewers/X
dviware         227865  DVIware/crt-viewers/X/xdvi
dviware         126963  DVIware/crt-viewers/dviapollo
dviware          54825  DVIware/crt-viewers/obsolete
dviware          54825  DVIware/crt-viewers/obsolete/dvibit
dviware         507744  DVIware/crt-viewers/others
dviware         507744  DVIware/crt-viewers/others/dvitovdu
dviware         345399  DVIware/crt-viewers/sunview
dviware         182165  DVIware/crt-viewers/sunview/dvipage
dviware          95975  DVIware/crt-viewers/sunview/dvisun
dviware          67259  DVIware/crt-viewers/sunview/fullscreen
dviware          68245  DVIware/ivd2dvi
dviware        3934003  DVIware/laser-setters
dviware        1821345  DVIware/laser-setters/dvi-to-ps
dviware        1759784  DVIware/laser-setters/dvi-to-ps/TeXPS
dviware          52751  DVIware/laser-setters/dvi-to-ps/maketd
dviware         205191  DVIware/laser-setters/dviimp
dviware          55963  DVIware/laser-setters/kyocera
dviware         154052  DVIware/laser-setters/ln03
dviware         152711  DVIware/laser-setters/ln03/thomas
dviware         876526  DVIware/laser-setters/mctex
dviware         185852  DVIware/laser-setters/mctex/doc
dviware          53871  DVIware/laser-setters/mctex/dvi
dviware          39938  DVIware/laser-setters/mctex/h
dviware          22913  DVIware/laser-setters/mctex/imagen
dviware         156119  DVIware/laser-setters/mctex/lib
dviware          30614  DVIware/laser-setters/mctex/misc
dviware          72848  DVIware/laser-setters/mctex/postscript
dviware         135895  DVIware/laser-setters/mctex/psfig
dviware         123223  DVIware/laser-setters/mctex/psfonts
dviware          44535  DVIware/laser-setters/mctex/versatec
dviware         818705  DVIware/laser-setters/quicspool
dviware           1437  DVIware/laser-setters/quicspool/diffs
dviware           5632  DVIware/laser-setters/quicspool/libglob
dviware          27345  DVIware/laser-setters/quicspool/libprofile
dviware          37052  DVIware/laser-setters/quicspool/libqmsquery
dviware           3031  DVIware/laser-setters/quicspool/libtrw
dviware          60383  DVIware/laser-setters/quicspool/man
dviware           4284  DVIware/laser-setters/quicspool/mffiles
dviware         278167  DVIware/laser-setters/quicspool/src
dviware           8927  DVIware/laser-setters/quicspool/standard
dviware         178279  DVIware/laser-setters/quicspool/wbfonts
dviware         178273  DVIware/laser-setters/quicspool/wwfonts
dviware         652466  DVIware/lpr-viewers
dviware         538185  DVIware/lpr-viewers/crudetype
dviware          62869  DVIware/lpr-viewers/crudetype/CYBER
dviware          10361  DVIware/lpr-viewers/crudetype/PRIME
dviware          17815  DVIware/lpr-viewers/crudetype/VMS
dviware          21259  DVIware/lpr-viewers/crudetype/samples
dviware         114281  DVIware/lpr-viewers/dvi2tty
dviware          89327  DVIware/obsolete
l_fonts        2486167  LaTeXfonts
l_fonts          13748  LaTeXfonts/gf
l_fonts            258  LaTeXfonts/gf/gf120
l_fonts            258  LaTeXfonts/gf/gf240
l_fonts            258  LaTeXfonts/gf/gf300
l_fonts            261  LaTeXfonts/gf/gf300w
l_fonts         129594  LaTeXfonts/mf
l_fonts        2342825  LaTeXfonts/pk
l_fonts         313202  LaTeXfonts/pk/pk120
l_fonts         626206  LaTeXfonts/pk/pk240
l_fonts         700382  LaTeXfonts/pk/pk300
l_fonts         703035  LaTeXfonts/pk/pk300w
tex           14377685  TeX3.14
tex             318935  TeX3.14/BibTeX.inputs
tex               2370  TeX3.14/BibTeX.inputs/Contrib
tex             414006  TeX3.14/CWEB
tex              36250  TeX3.14/CWEB/examples
tex            1463382  TeX3.14/LaTeX
tex              67031  TeX3.14/LaTeX/LaTeXdoc
tex              52181  TeX3.14/LaTeX/LaTeXindex
tex             268031  TeX3.14/LaTeX/LaTeXmacros
tex             445422  TeX3.14/LaTeX/LaTeXmakeindex
tex              67743  TeX3.14/LaTeX/LaTeXmakeindex/doc
tex              17747  TeX3.14/LaTeX/LaTeXmakeindex/lib
tex             185629  TeX3.14/LaTeX/LaTeXmakeindex/paper
tex              91025  TeX3.14/LaTeX/LaTeXmakeindex/src
tex              59907  TeX3.14/LaTeX/LaTeXmakeindex/test
tex             159796  TeX3.14/LaTeX/LaTeXslitex
tex             934677  TeX3.14/MFcontrib
tex              10938  TeX3.14/MFcontrib/adobefonts
tex              98403  TeX3.14/MFcontrib/fonttool
tex             824996  TeX3.14/MFcontrib/metafonts
tex             172737  TeX3.14/MFcontrib/metafonts/cmcyr
tex              40602  TeX3.14/MFcontrib/metafonts/concrete
tex              52248  TeX3.14/MFcontrib/metafonts/ocr
tex             316759  TeX3.14/MFcontrib/metafonts/pandora
tex              21119  TeX3.14/MFcontrib/metafonts/punk
tex               8716  TeX3.14/MFcontrib/metafonts/ransom
tex             211087  TeX3.14/MFcontrib/metafonts/washington
tex             558978  TeX3.14/MFdoc
tex               7667  TeX3.14/MFtexfiles
tex             288146  TeX3.14/Man-pages
tex             246781  TeX3.14/Man-pages/other-manuals
tex            1026334  TeX3.14/Spiderweb
tex              37192  TeX3.14/Spiderweb/ada
tex              48687  TeX3.14/Spiderweb/awk
tex              55958  TeX3.14/Spiderweb/c
tex              12881  TeX3.14/Spiderweb/c++
tex              14085  TeX3.14/Spiderweb/dijkstra
tex             206714  TeX3.14/Spiderweb/doc
tex               8475  TeX3.14/Spiderweb/larch
tex             560716  TeX3.14/Spiderweb/master
tex              33496  TeX3.14/Spiderweb/master/mipsel
tex              42754  TeX3.14/Spiderweb/penelope
tex               7383  TeX3.14/Spiderweb/ssl
tex            3001771  TeX3.14/TeXcontrib
tex             208459  TeX3.14/TeXcontrib/chemtex
tex             798496  TeX3.14/TeXcontrib/gnuplot
tex               2451  TeX3.14/TeXcontrib/gnuplot/bugtest
tex              14219  TeX3.14/TeXcontrib/gnuplot/demo
tex             110361  TeX3.14/TeXcontrib/gnuplot/docs
tex             164159  TeX3.14/TeXcontrib/gnuplot/term
tex              84658  TeX3.14/TeXcontrib/gnuplot/translate
tex             175535  TeX3.14/TeXcontrib/kamal
tex             101221  TeX3.14/TeXcontrib/kamal/troff_to_tex
tex              82620  TeX3.14/TeXcontrib/knit
tex              69278  TeX3.14/TeXcontrib/literate_macros
tex             274288  TeX3.14/TeXcontrib/miscellaneous
tex             160486  TeX3.14/TeXcontrib/miscellaneous/hptex
tex             114742  TeX3.14/TeXcontrib/pcwrite_tools
tex              30002  TeX3.14/TeXcontrib/pittman
tex               7823  TeX3.14/TeXcontrib/rusty
tex               7823  TeX3.14/TeXcontrib/rusty/r2bib
tex              78656  TeX3.14/TeXcontrib/salkind
tex              14322  TeX3.14/TeXcontrib/salkind/cmap
tex              16796  TeX3.14/TeXcontrib/salkind/doc
tex               7801  TeX3.14/TeXcontrib/salkind/man
tex              38301  TeX3.14/TeXcontrib/salkind/src
tex             178070  TeX3.14/TeXcontrib/sauter
tex             698924  TeX3.14/TeXcontrib/tib
tex              22071  TeX3.14/TeXcontrib/trickey
tex              11558  TeX3.14/TeXcontrib/trickey/emacsmacro
tex              17458  TeX3.14/TeXcontrib/trinkle
tex              54784  TeX3.14/TeXcontrib/urban
tex              54784  TeX3.14/TeXcontrib/urban/textroff
tex              68288  TeX3.14/TeXcontrib/uw
tex              36073  TeX3.14/TeXcontrib/uw/ansitar
tex              25647  TeX3.14/TeXcontrib/uw/cnoweb
tex             120267  TeX3.14/TeXcontrib/van
tex              25971  TeX3.14/TeXcontrib/van/s2latex
tex              94296  TeX3.14/TeXcontrib/van/tgrind
tex             888457  TeX3.14/TeXdoc
tex              62318  TeX3.14/TeXdoc/LiterateProgramming
tex                269  TeX3.14/TeXdoc/amstex
tex               9739  TeX3.14/TeXemacs
tex              98212  TeX3.14/TeXfonts
tex             462603  TeX3.14/TeXgraphics
tex             176175  TeX3.14/TeXgraphics/pictex
tex             286428  TeX3.14/TeXgraphics/transfig
tex              57972  TeX3.14/TeXgraphics/transfig/doc
tex             213274  TeX3.14/TeXgraphics/transfig/fig2dev
tex              11193  TeX3.14/TeXgraphics/transfig/transfig
tex             320585  TeX3.14/TeXmacros
tex              42689  TeX3.14/aix
tex             403644  TeX3.14/bibtex
tex             111064  TeX3.14/common
tex             185972  TeX3.14/dviutil
tex             393153  TeX3.14/fontutil
tex              53610  TeX3.14/man
tex            1242964  TeX3.14/mf
tex             173061  TeX3.14/mf/MFtrap
tex              42077  TeX3.14/mf/MFwindow
tex             483809  TeX3.14/mfware
tex             443489  TeX3.14/tex
tex             275014  TeX3.14/tex/TeXtrip
tex             371393  TeX3.14/texware
tex             481367  TeX3.14/web
tex              58932  TeX3.14/web2c
u_fonts         441591  utilityfonts
u_fonts          51520  utilityfonts/bases
u_fonts            884  utilityfonts/black
u_fonts          26582  utilityfonts/committee
u_fonts           7647  utilityfonts/gf
u_fonts            265  utilityfonts/gf/gf120
u_fonts            265  utilityfonts/gf/gf240
u_fonts            265  utilityfonts/gf/gf300
u_fonts            268  utilityfonts/gf/gf300w
u_fonts           4425  utilityfonts/gray
u_fonts           1239  utilityfonts/half
u_fonts           6548  utilityfonts/logo
u_fonts         123100  utilityfonts/manualfonts
u_fonts           1427  utilityfonts/mfbook
u_fonts         216886  utilityfonts/pk
u_fonts          62217  utilityfonts/pk/pk240
u_fonts          76769  utilityfonts/pk/pk300
u_fonts          77900  utilityfonts/pk/pk300w
u_fonts           1333  utilityfonts/slant
unsupp          153937  Unsupported
unsupp           61768  Unsupported/MFpxl
unsupp           59538  Unsupported/MFpxl/CMFpxlware
unsupp            2230  Unsupported/MFpxl/man
unsupp           92169  Unsupported/undump
web2c              547  CHANGES
web2c             2382  Makefile
web2c             7561  README
web2c           209522  cmf
web2c            42725  cmf/MFlib
web2c           158071  cmf/trap
web2c           479951  ctex
web2c           460902  ctex/trip
web2c            22431  gftype
web2c            56862  mfdir
web2c             3131  site.h
web2c            68098  texdir
web2c           162362  texware
web2c           120349  web2cdir
