5_3            1023217  TXL5.3.export.portable
5_3               6232  TXL5.3.export.portable/Bin
5_3             326062  TXL5.3.export.portable/Csource
5_3              14668  TXL5.3.export.portable/Csource/TuringLib
5_3             448879  TXL5.3.export.portable/Documents
5_3             202728  TXL5.3.export.portable/Examples
5_3              13985  TXL5.3.export.portable/Examples/GeneralExamples
5_3              12531  TXL5.3.export.portable/Examples/GeneralExamples/Txl
5_3              11622  TXL5.3.export.portable/Examples/Paradigms
5_3               5362  TXL5.3.export.portable/Examples/Paradigms/Txl
5_3              83548  TXL5.3.export.portable/Examples/TuringDialectExamples
5_3              71096  TXL5.3.export.portable/Examples/TuringDialectExamples/Txl
5_3              93573  TXL5.3.export.portable/Examples/UserExamples
5_3              56400  TXL5.3.export.portable/Examples/UserExamples/GMD-PF
5_3              20497  TXL5.3.export.portable/Examples/UserExamples/GMD-Rex
5_3              10812  TXL5.3.export.portable/Examples/UserExamples/Geneve-Abacus
5_3               5864  TXL5.3.export.portable/Examples/UserExamples/Queens-TNial
5_3               4928  TXL5.3.export.portable/Lib
