_etc_             2125  README
_etc_           230021  RELNOTES.PS
_etc_            87026  RELNOTES.TXT
_etc_            81429  RELNOTES.ms
_etc_           141100  fixes
_etc_              835  xdm-auth
con_1         32758399  contrib
con_1         26627252  contrib/clients
con_1           810806  contrib/clients/AnswerGarden
con_1           392133  contrib/clients/AnswerGarden/xinfo2
con_1          6581126  contrib/clients/ImageMagick
con_1           290858  contrib/clients/ImageMagick/filters
con_1          1846367  contrib/clients/ImageMagick/images
con_1          3548499  contrib/clients/ImageMagick/scenes
con_1            83207  contrib/clients/ImageMagick/xtp
con_1            53368  contrib/clients/bitmap
con_1              179  contrib/clients/ca100
con_1           123065  contrib/clients/cpicker
con_1          1765519  contrib/clients/cxterm
con_1           746773  contrib/clients/cxterm/cxterm
con_1           256277  contrib/clients/cxterm/dict
con_1             3557  contrib/clients/cxterm/fonts
con_1           749860  contrib/clients/cxterm/utils
con_1            53995  contrib/clients/editres
con_1          1512330  contrib/clients/emu
con_1           188176  contrib/clients/emu/canvas
con_1            25530  contrib/clients/emu/client
con_1            89813  contrib/clients/emu/doc
con_1            26772  contrib/clients/emu/include
con_1            34428  contrib/clients/emu/menus
con_1           818449  contrib/clients/emu/misc
con_1            84075  contrib/clients/emu/tdesc
con_1           232776  contrib/clients/emu/term
con_1           703173  contrib/clients/exterm
con_1          2155155  contrib/clients/gwm
con_1                0  contrib/clients/gwm/Make
con_1           469776  contrib/clients/gwm/data
con_1           768419  contrib/clients/gwm/doc
con_1           213274  contrib/clients/gwm/xpm
con_1           736493  contrib/clients/i18nOlwmV2
con_1            44607  contrib/clients/ixterm
con_1           735437  contrib/clients/kterm
con_1            21292  contrib/clients/lclock
con_1              963  contrib/clients/listres
con_1            28153  contrib/clients/palette
con_1          1468249  contrib/clients/pbmplus
con_1           365139  contrib/clients/pbmplus/libtiff
con_1           247679  contrib/clients/pbmplus/pbm
con_1           135299  contrib/clients/pbmplus/pgm
con_1           238929  contrib/clients/pbmplus/pnm
con_1           431066  contrib/clients/pbmplus/ppm
con_1           344528  contrib/clients/pixmap
con_1             9007  contrib/clients/pixmap/Xmu
con_1           612382  contrib/clients/shinbun
con_1            22876  contrib/clients/snftobdf
con_1           313359  contrib/clients/transfig
con_1            71864  contrib/clients/transfig/doc
con_1           223931  contrib/clients/transfig/fig2dev
con_1            11233  contrib/clients/transfig/transfig
con_1           693506  contrib/clients/tvtwm
con_1            18539  contrib/clients/tvtwm/icons
con_1             9672  contrib/clients/tvtwm/sample-twmrc
con_1           469908  contrib/clients/twm
con_1             1012  contrib/clients/viewres
con_1            27284  contrib/clients/vine
con_1            95522  contrib/clients/xalarm
con_1            86338  contrib/clients/xcalendar
con_1            81950  contrib/clients/xcdplayer
con_1            27291  contrib/clients/xclipboard
con_1            31134  contrib/clients/xco
con_1            15385  contrib/clients/xcolors
con_1           780424  contrib/clients/xcrtca
con_1           757335  contrib/clients/xcrtca/monitors
con_1            86871  contrib/clients/xdaliclock
con_1            33174  contrib/clients/xdaliclock/numbers
con_1            20291  contrib/clients/xdu
con_1            14121  contrib/clients/xedit
con_1            51786  contrib/clients/xfed
con_1          1299086  contrib/clients/xfig
con_1            32880  contrib/clients/xfig/Doc
con_1           228621  contrib/clients/xfig/Examples
con_1           397389  contrib/clients/xforecast
con_1           235862  contrib/clients/xhelp
con_1            36644  contrib/clients/xhelp/bitmaps
con_1            33549  contrib/clients/xlbiff
con_1            79653  contrib/clients/xlogin
con_1           416557  contrib/clients/xmail
con_1            24190  contrib/clients/xmailwatcher
con_1            20601  contrib/clients/xmessage
con_1            56541  contrib/clients/xmeter
con_1           118932  contrib/clients/xmh
con_1            22828  contrib/clients/xmh-icons
con_1            76299  contrib/clients/xmh.editor
con_1           371597  contrib/clients/xmon
con_1           411457  contrib/clients/xphoon
con_1            65188  contrib/clients/xplot
con_1            79874  contrib/clients/xpostit
con_1            39738  contrib/clients/xprompt
con_1           198287  contrib/clients/xproof
con_1            34007  contrib/clients/xrsh
con_1           308625  contrib/clients/xscope
con_1            61742  contrib/clients/xtalk
con_1           986578  contrib/clients/xtiff
con_1           936372  contrib/clients/xtiff/libtiff
con_1           718200  contrib/clients/xtv
con_1           118267  contrib/clients/xtv/paper.dir
con_1           297326  contrib/demos
con_1            27855  contrib/demos/beach_ball2
con_1             6084  contrib/demos/muncher
con_1             8406  contrib/demos/plaid
con_1            18080  contrib/demos/psycho
con_1           169140  contrib/demos/pyramid
con_1            12416  contrib/demos/scdisp
con_1            13449  contrib/demos/sctext
con_1            13510  contrib/demos/vandal
con_1            28140  contrib/demos/xtree
con_1           142539  contrib/doc
con_1            93805  contrib/doc/SyncExt
con_1          1182865  contrib/examples
con_1            20889  contrib/examples/CLX
con_1           862572  contrib/examples/OReilly
con_1            29181  contrib/examples/OReilly/R5suppl
con_1           411839  contrib/examples/OReilly/Vol1
con_1           421552  contrib/examples/OReilly/Vol4
con_1           181724  contrib/examples/PEX
con_1            78806  contrib/examples/Xaw
con_1            18320  contrib/examples/Xcms
con_1            18320  contrib/examples/Xcms/hello_xcms
con_1             7648  contrib/examples/i18n
con_1             7648  contrib/examples/i18n/xtail
con_1            12906  contrib/examples/text
con_1            12761  contrib/examples/text/ttextext
con_1          2971305  contrib/fonts
con_1          1684801  contrib/fonts/Utopia
con_1           429524  contrib/fonts/Utopia/UTBI____.dir
con_1           419872  contrib/fonts/Utopia/UTB_____.dir
con_1           420277  contrib/fonts/Utopia/UTI_____.dir
con_1           410853  contrib/fonts/Utopia/UTRG____.dir
con_1            70142  contrib/fonts/bdf
con_1           591486  contrib/fonts/lib
con_1           591486  contrib/fonts/lib/font
con_1           624876  contrib/fonts/scaled
con_1           624876  contrib/fonts/scaled/Type1
con_1          1315580  contrib/games
con_1           378001  contrib/games/acm
con_1            94489  contrib/games/acm/V
con_1           215673  contrib/games/acm/fsim
con_1             6112  contrib/games/acm/tools
con_1           433786  contrib/games/spider
con_1           237503  contrib/games/xboard
con_1           101177  contrib/games/xboard/bitmaps
con_1           198234  contrib/games/xpipeman
con_1            67843  contrib/games/xtetris
con_1           208109  contrib/util
con_1             5424  contrib/util/bm-convert
con_1           158085  contrib/util/cpp
con_1            41635  contrib/util/sdbm
con_1             2965  contrib/util/soelim
con_2         38312261  contrib
con_2          5193367  contrib/Motif
con_2          3903609  contrib/Motif/clients
con_2           107736  contrib/Motif/clients/cpicker
con_2          3653375  contrib/Motif/clients/winterp
con_2            87429  contrib/Motif/clients/xmphone
con_2            54858  contrib/Motif/clients/xmpostit
con_2            19518  contrib/Motif/config
con_2           253375  contrib/Motif/demos
con_2           101152  contrib/Motif/doc
con_2           909457  contrib/Motif/examples
con_2           909457  contrib/Motif/examples/OReilly
con_2             6047  contrib/Motif/widgets
con_2             5862  contrib/Motif/widgets/FsbGQS
con_2          3700254  contrib/extensions
con_2           843531  contrib/extensions/mvex
con_2           730870  contrib/extensions/mvex/mvex-files
con_2            56393  contrib/extensions/mvex/r4-diffs
con_2            43610  contrib/extensions/mvex/r5-diffs
con_2            21170  contrib/extensions/xidle
con_2            14239  contrib/extensions/xidle/extensions
con_2           964369  contrib/extensions/xpli
con_2           960904  contrib/extensions/xpli/extensions
con_2           520338  contrib/extensions/xtrap
con_2            58661  contrib/extensions/xtrap/clients
con_2           138255  contrib/extensions/xtrap/doc
con_2           323422  contrib/extensions/xtrap/extensions
con_2          1350846  contrib/extensions/xv
con_2             1631  contrib/extensions/xv/config
con_2           340073  contrib/extensions/xv/extensions
con_2          1001976  contrib/extensions/xv/server
con_2          1032503  contrib/ftn
con_2          1028528  contrib/ftn/f_binding
con_2            73195  contrib/ftn/f_binding/doc
con_2         16124186  contrib/im
con_2          3971447  contrib/im/Canna
con_2            31741  contrib/im/Canna/can
con_2           313008  contrib/im/Canna/cmd
con_2           757955  contrib/im/Canna/dic
con_2           465864  contrib/im/Canna/doc
con_2            29615  contrib/im/Canna/iroha
con_2          2013033  contrib/im/Canna/lib
con_2            32506  contrib/im/Canna/misc
con_2            74381  contrib/im/Canna/nemacs
con_2           107628  contrib/im/Canna/rcmd
con_2           109844  contrib/im/Canna/server
con_2          5302521  contrib/im/Ximp
con_2           766950  contrib/im/Ximp/clients
con_2            17118  contrib/im/Ximp/doc
con_2           327382  contrib/im/Ximp/fujitsu
con_2           155914  contrib/im/Ximp/fujixerox
con_2           208077  contrib/im/Ximp/oki
con_2            10480  contrib/im/Ximp/patches
con_2          2458627  contrib/im/Ximp/sony
con_2          1356063  contrib/im/Ximp/sun
con_2          5524566  contrib/im/Xsi
con_2          1025827  contrib/im/Xsi/Pubdic
con_2          2069819  contrib/im/Xsi/Wnn
con_2          1283187  contrib/im/Xsi/Xwnmo
con_2          1119335  contrib/im/Xsi/cWnn
con_2            22248  contrib/im/Xsi/config
con_2          1325451  contrib/im/kinput2
con_2            27872  contrib/im/kinput2/ccdef
con_2            40927  contrib/im/kinput2/client
con_2            26290  contrib/im/kinput2/cmd
con_2           121972  contrib/im/kinput2/doc
con_2           147693  contrib/im/kinput2/include
con_2           942970  contrib/im/kinput2/lib
con_2            10346  contrib/im/kinput2/sj3def
con_2         12261951  contrib/lib
con_2          2688127  contrib/lib/DPS
con_2           207729  contrib/lib/DPS/clients
con_2            38532  contrib/lib/DPS/demos
con_2           685279  contrib/lib/DPS/doc
con_2           201466  contrib/lib/DPS/include
con_2           566078  contrib/lib/DPS/lib
con_2           447792  contrib/lib/DPS/motifdemos
con_2           535344  contrib/lib/DPS/tests
con_2           398372  contrib/lib/PEXt
con_2           113763  contrib/lib/PEXt/man
con_2           466508  contrib/lib/Selfmoving
con_2            17148  contrib/lib/Selfmoving/Athena_demo
con_2           150106  contrib/lib/Selfmoving/Doc
con_2           162213  contrib/lib/Selfmoving/Motif_demo
con_2           133260  contrib/lib/Selfmoving/Se
con_2          1318393  contrib/lib/Wcl
con_2            17241  contrib/lib/Wcl/Ari
con_2            29487  contrib/lib/Wcl/Cri
con_2            24781  contrib/lib/Wcl/DemosAthena
con_2            10606  contrib/lib/Wcl/DemosCornell
con_2            72731  contrib/lib/Wcl/DemosMotif
con_2            10954  contrib/lib/Wcl/DemosOlit
con_2           436952  contrib/lib/Wcl/Doc
con_2            49995  contrib/lib/Wcl/Mri
con_2            39441  contrib/lib/Wcl/Ori
con_2           233119  contrib/lib/Wcl/Wc
con_2            65951  contrib/lib/Wcl/Xcp
con_2           161073  contrib/lib/Wcl/Xmp
con_2            69697  contrib/lib/Wcl/Xop
con_2            60749  contrib/lib/Wcl/Xp
con_2            20876  contrib/lib/X
con_2            25077  contrib/lib/XO
con_2           872876  contrib/lib/Xaw
con_2            97675  contrib/lib/Xaw/doc
con_2          1181383  contrib/lib/Xcu
con_2             6985  contrib/lib/Xcu/Readme.dir
con_2            13949  contrib/lib/Xcu/bin
con_2           486699  contrib/lib/Xcu/clients
con_2            24612  contrib/lib/Xcu/doc
con_2            79097  contrib/lib/Xcu/examples
con_2            57903  contrib/lib/Xcu/man
con_2           464959  contrib/lib/Xcu/src
con_2            44058  contrib/lib/Xcu/wlmCompiler
con_2          1278450  contrib/lib/Xpex
con_2           548150  contrib/lib/Xpex/clients
con_2           726697  contrib/lib/Xpex/extensions
con_2            37319  contrib/lib/Xt
con_2            99156  contrib/lib/Xwchar
con_2             8289  contrib/lib/Xwchar/doc
con_2          1571384  contrib/lib/dec-pexlib
con_2           457006  contrib/lib/dec-pexlib/doc
con_2           223596  contrib/lib/dec-pexlib/include
con_2           889942  contrib/lib/dec-pexlib/src
con_2          1215193  contrib/lib/elk
con_2           459800  contrib/lib/elk/doc
con_2           120700  contrib/lib/elk/examples
con_2           277618  contrib/lib/elk/lib
con_2            67524  contrib/lib/elk/scm
con_2           255464  contrib/lib/elk/src
con_2             1937  contrib/lib/elk/stk
con_2           567329  contrib/lib/graphlib
con_2            44973  contrib/lib/graphlib/clients
con_2             3987  contrib/lib/graphlib/config
con_2           261376  contrib/lib/graphlib/doc
con_2            11099  contrib/lib/graphlib/examples
con_2           237450  contrib/lib/graphlib/lib
con_2           249094  contrib/lib/pexim
con_2            52088  contrib/lib/pexim/man
con_2             9833  contrib/lib/vroot
con_2           262294  contrib/lib/xpm
con_2            31335  contrib/lib/xpm/converters
con_3         49563849  contrib
con_3         49563849  contrib/lib
con_3         26714629  contrib/lib/andrew
con_3          3490379  contrib/lib/andrew/ams
con_3         14663438  contrib/lib/andrew/atk
con_3           687654  contrib/lib/andrew/atkams
con_3           184326  contrib/lib/andrew/config
con_3          1429279  contrib/lib/andrew/contrib
con_3              362  contrib/lib/andrew/helpaliases
con_3            14153  contrib/lib/andrew/helpindex
con_3            11684  contrib/lib/andrew/inst
con_3             5092  contrib/lib/andrew/ossupport
con_3          6075923  contrib/lib/andrew/overhead
con_3             2558  contrib/lib/andrew/site
con_3            10326  contrib/lib/andrew/xmkfontd
con_3          6034103  contrib/lib/i18nXView2
con_3           177967  contrib/lib/i18nXView2/clients
con_3           294587  contrib/lib/i18nXView2/doc
con_3           236597  contrib/lib/i18nXView2/images
con_3          5032049  contrib/lib/i18nXView2/lib
con_3           191927  contrib/lib/i18nXView2/locale
con_3             4224  contrib/lib/i18nXView2/nls
con_3            77898  contrib/lib/i18nXView2/utilities
con_3          7671672  contrib/lib/iv
con_3          7648867  contrib/lib/iv/src
con_3          9143445  contrib/lib/xview3
con_3           136501  contrib/lib/xview3/bitmaps
con_3          1222535  contrib/lib/xview3/clients
con_3            45615  contrib/lib/xview3/config
con_3           480266  contrib/lib/xview3/contrib
con_3          1059928  contrib/lib/xview3/doc
con_3           241209  contrib/lib/xview3/images
con_3          5487403  contrib/lib/xview3/lib
con_3           140682  contrib/lib/xview3/misc
con_3           257389  contrib/lib/xview3/util
mit_1         18187235  mit
mit_1           190658  mit/config
mit_1          7373342  mit/extensions
mit_1           225675  mit/extensions/include
mit_1           104830  mit/extensions/include/PEX
mit_1          2452148  mit/extensions/lib
mit_1          2220107  mit/extensions/lib/PEX
mit_1           140568  mit/extensions/lib/xinput
mit_1          2502547  mit/extensions/server
mit_1          2096687  mit/extensions/server/PEX
mit_1           244771  mit/extensions/server/xinput
mit_1          2192567  mit/extensions/test
mit_1          1993258  mit/extensions/test/InsPEX
mit_1           186187  mit/extensions/test/xinput
mit_1          2128738  mit/fonts
mit_1            91126  mit/fonts/PEX
mit_1            72334  mit/fonts/clients
mit_1             6713  mit/fonts/clients/bdftopcf
mit_1             5183  mit/fonts/clients/fsinfo
mit_1            13905  mit/fonts/clients/fslsfonts
mit_1            20727  mit/fonts/clients/fstobdf
mit_1            12170  mit/fonts/clients/mkfontdir
mit_1            13328  mit/fonts/clients/showfont
mit_1            32990  mit/fonts/include
mit_1           941330  mit/fonts/lib
mit_1           808080  mit/fonts/lib/font
mit_1           132963  mit/fonts/lib/fs
mit_1           538785  mit/fonts/scaled
mit_1           538579  mit/fonts/scaled/Speedo
mit_1           451744  mit/fonts/server
mit_1           160557  mit/fonts/server/MacFS
mit_1           152543  mit/fonts/server/difs
mit_1            46146  mit/fonts/server/include
mit_1            85644  mit/fonts/server/os
mit_1           253773  mit/include
mit_1            98078  mit/include/bitmaps
mit_1          6083401  mit/lib
mit_1             4277  mit/lib/Berk
mit_1          1107454  mit/lib/CLX
mit_1            65687  mit/lib/CLX/debug
mit_1            22385  mit/lib/CLX/demo
mit_1             7479  mit/lib/CLX/test
mit_1          2352367  mit/lib/X
mit_1           329592  mit/lib/X/Ximp
mit_1           358815  mit/lib/X/Xsi
mit_1             5862  mit/lib/X/util
mit_1            35252  mit/lib/Xau
mit_1          1020886  mit/lib/Xaw
mit_1            76298  mit/lib/Xdmcp
mit_1           322374  mit/lib/Xmu
mit_1          1067194  mit/lib/Xt
mit_1             8485  mit/lib/Xt/util
mit_1            57735  mit/lib/nls
mit_1             1596  mit/lib/nls/Ximp
mit_1            55714  mit/lib/nls/Xsi
mit_1            39107  mit/lib/oldX
mit_1          1369515  mit/man
mit_1            94459  mit/man/XI
mit_1            12607  mit/man/Xext
mit_1          1004857  mit/man/Xlib
mit_1           193383  mit/man/Xt
mit_1           380121  mit/util
mit_1            43352  mit/util/PEX
mit_1            46284  mit/util/att-nameserver
mit_1             5496  mit/util/checkfn
mit_1            63555  mit/util/compress
mit_1            43401  mit/util/makedepend
mit_1              911  mit/util/misc
mit_1           143927  mit/util/patch
mit_1             5041  mit/util/progs
mit_1            27840  mit/util/scripts
mit_2         18671828  mit
mit_2          3937804  mit/clients
mit_2             6755  mit/clients/appres
mit_2           229054  mit/clients/bitmap
mit_2           186452  mit/clients/editres
mit_2            10978  mit/clients/listres
mit_2            30615  mit/clients/oclock
mit_2           522532  mit/clients/twm
mit_2            17713  mit/clients/twm/sample-twmrc
mit_2            45557  mit/clients/viewres
mit_2            65128  mit/clients/xauth
mit_2             9928  mit/clients/xbiff
mit_2            79809  mit/clients/xcalc
mit_2            36645  mit/clients/xclipboard
mit_2            13872  mit/clients/xclock
mit_2           120653  mit/clients/xcmsdb
mit_2            53949  mit/clients/xcmsdb/datafiles
mit_2            21012  mit/clients/xconsole
mit_2           105694  mit/clients/xditview
mit_2           330686  mit/clients/xdm
mit_2             6260  mit/clients/xdm/config
mit_2            17871  mit/clients/xdpyinfo
mit_2            24619  mit/clients/xedit
mit_2            36132  mit/clients/xfd
mit_2            48141  mit/clients/xfontsel
mit_2            20088  mit/clients/xhost
mit_2            25918  mit/clients/xinit
mit_2            13191  mit/clients/xkill
mit_2            31626  mit/clients/xload
mit_2             5772  mit/clients/xlogo
mit_2             7230  mit/clients/xlsatoms
mit_2             9305  mit/clients/xlsclients
mit_2            31912  mit/clients/xlsfonts
mit_2            83014  mit/clients/xmag
mit_2           198449  mit/clients/xman
mit_2           381653  mit/clients/xmh
mit_2            62868  mit/clients/xmodmap
mit_2           125635  mit/clients/xpr
mit_2            60887  mit/clients/xprop
mit_2            34191  mit/clients/xrdb
mit_2            11732  mit/clients/xrefresh
mit_2            33556  mit/clients/xset
mit_2            17339  mit/clients/xsetroot
mit_2            13801  mit/clients/xstdcmap
mit_2           718545  mit/clients/xterm
mit_2            72096  mit/clients/xterm/tektests
mit_2            30441  mit/clients/xwd
mit_2            47766  mit/clients/xwininfo
mit_2            30181  mit/clients/xwud
mit_2          9557273  mit/demos
mit_2            23627  mit/demos/auto_box
mit_2            22767  mit/demos/beach_ball
mit_2          8505907  mit/demos/gpc
mit_2          3547479  mit/demos/gpc/benchmarks
mit_2           444554  mit/demos/gpc/objects
mit_2          3502453  mit/demos/gpc/tests
mit_2            34572  mit/demos/ico
mit_2            26977  mit/demos/maze
mit_2           317386  mit/demos/puzzle
mit_2           245459  mit/demos/x11perf
mit_2           112225  mit/demos/xcmstest
mit_2             3221  mit/demos/xcmstest/tc
mit_2            28094  mit/demos/xev
mit_2            27788  mit/demos/xeyes
mit_2            83409  mit/demos/xgas
mit_2           128721  mit/demos/xgc
mit_2            29878  mit/demos/xgc/Written
mit_2            58182  mit/rgb
mit_2            33291  mit/rgb/others
mit_2          5118569  mit/server
mit_2          4100794  mit/server/ddx
mit_2           403177  mit/server/ddx/cfb
mit_2           682737  mit/server/ddx/dec
mit_2           397943  mit/server/ddx/ibm
mit_2           226091  mit/server/ddx/macII
mit_2           378909  mit/server/ddx/mfb
mit_2           670757  mit/server/ddx/mi
mit_2           133933  mit/server/ddx/mips
mit_2           195727  mit/server/ddx/omron
mit_2            36554  mit/server/ddx/snf
mit_2           210831  mit/server/ddx/sun
mit_2           183333  mit/server/ddx/tek
mit_2           580802  mit/server/ddx/x386
mit_2           665800  mit/server/dix
mit_2           123954  mit/server/include
mit_2             9230  mit/server/include/old
mit_2           203749  mit/server/os
mit_3         13767298  mit
mit_3         13767298  mit/fonts
mit_3         13767298  mit/fonts/bdf
mit_3          6724494  mit/fonts/bdf/100dpi
mit_3          5669136  mit/fonts/bdf/75dpi
mit_3          1373451  mit/fonts/bdf/misc
mit_4         14210806  mit
mit_4          8858366  mit/doc
mit_4            14969  mit/doc/BDF
mit_4           991975  mit/doc/CLX
mit_4            16715  mit/doc/CTEXT
mit_4            93379  mit/doc/FSProtocol
mit_4           124775  mit/doc/I18N
mit_4            61656  mit/doc/I18N/Ximp
mit_4            63119  mit/doc/I18N/Xsi
mit_4           159483  mit/doc/ICCCM
mit_4           391029  mit/doc/Protocol
mit_4            28816  mit/doc/Registry
mit_4           304581  mit/doc/Server
mit_4            48623  mit/doc/XDMCP
mit_4            65469  mit/doc/XLFD
mit_4           324910  mit/doc/Xaw
mit_4          1268935  mit/doc/Xlib
mit_4            77553  mit/doc/Xmu
mit_4           645661  mit/doc/Xt
mit_4            23168  mit/doc/config
mit_4            23168  mit/doc/config/usenixws
mit_4          3828520  mit/doc/extensions
mit_4          3400018  mit/doc/extensions/PEX
mit_4           323323  mit/doc/extensions/xinput
mit_4            47743  mit/doc/fontserver
mit_4           397510  mit/doc/tutorials
mit_4            52062  mit/doc/tutorials/HelloWorld
mit_4            51167  mit/doc/tutorials/visuals
mit_4             3814  mit/doc/util
mit_4          5352440  mit/hardcopy
mit_4            15825  mit/hardcopy/BDF
mit_4           775124  mit/hardcopy/CLX
mit_4            20480  mit/hardcopy/CTEXT
mit_4            82387  mit/hardcopy/FSProtocol
mit_4           150531  mit/hardcopy/ICCCM
mit_4           320232  mit/hardcopy/Protocol
mit_4           279472  mit/hardcopy/Server
mit_4            46145  mit/hardcopy/XDMCP
mit_4            62191  mit/hardcopy/XLFD
mit_4           318885  mit/hardcopy/Xaw
mit_4           920739  mit/hardcopy/Xlib
mit_4            55725  mit/hardcopy/Xmu
mit_4           506430  mit/hardcopy/Xt
mit_4            34224  mit/hardcopy/clients
mit_4            25961  mit/hardcopy/config
mit_4            25961  mit/hardcopy/config/usenixws
mit_4          1139112  mit/hardcopy/extensions
mit_4           841014  mit/hardcopy/extensions/PEX
mit_4           254063  mit/hardcopy/extensions/xinput
mit_4           598751  mit/hardcopy/man
