1_4            2907962  HyperNeWS1.4
1_4            2902176  HyperNeWS1.4/src
1_4             374042  HyperNeWS1.4/src/Stacks
1_4              64712  HyperNeWS1.4/src/Stacks/Info
1_4             114648  HyperNeWS1.4/src/Stacks/Misc
1_4             194070  HyperNeWS1.4/src/Stacks/System
1_4             108275  HyperNeWS1.4/src/client
1_4              37207  HyperNeWS1.4/src/client/hndisplay
1_4              48788  HyperNeWS1.4/src/client/hnterm
1_4             289815  HyperNeWS1.4/src/etc
1_4             288356  HyperNeWS1.4/src/etc/HyperNeWS
1_4               8119  HyperNeWS1.4/src/include
1_4               2687  HyperNeWS1.4/src/include/images
1_4              27855  HyperNeWS1.4/src/install
1_4             116090  HyperNeWS1.4/src/lib
1_4              44001  HyperNeWS1.4/src/lib/intf
1_4              34953  HyperNeWS1.4/src/lib/prolog
1_4              34732  HyperNeWS1.4/src/lib/sunlisp
1_4            1799676  HyperNeWS1.4/src/share
1_4              64168  HyperNeWS1.4/src/share/draw
1_4              14361  HyperNeWS1.4/src/share/examples
1_4             634865  HyperNeWS1.4/src/share/hnman
1_4            1062376  HyperNeWS1.4/src/share/images
1_4              20610  HyperNeWS1.4/src/share/ps
1_4             168504  HyperNeWS1.4/src/tools
1_4              56880  HyperNeWS1.4/src/tools/drawps
1_4              95253  HyperNeWS1.4/src/tools/dvi2ps
1_4              14708  HyperNeWS1.4/src/tools/plot2
