8_2            3801991  .
8_2             610712  ./bench
8_2                  0  ./bin
8_2              10615  ./calling
8_2             126360  ./config
8_2             126360  ./config/unix
8_2               1444  ./config/unix/Common
8_2              13372  ./config/unix/Generic
8_2               2635  ./config/unix/amdahl_uts
8_2               2041  ./config/unix/att3b_15
8_2               2031  ./config/unix/att3b_2
8_2               1989  ./config/unix/att3b_20
8_2               1828  ./config/unix/att3b_4000
8_2               1889  ./config/unix/att3b_5
8_2               2403  ./config/unix/att6386
8_2                987  ./config/unix/aviion
8_2               1629  ./config/unix/balance_dynix2
8_2               3327  ./config/unix/cdc_vxve
8_2                870  ./config/unix/celerity_bsd
8_2               1159  ./config/unix/clix
8_2               1637  ./config/unix/codata
8_2               2310  ./config/unix/convex
8_2               2484  ./config/unix/cray2
8_2               2566  ./config/unix/dec_3100
8_2               2005  ./config/unix/diab_dnix
8_2               1385  ./config/unix/domain_bsd
8_2               1134  ./config/unix/elxsi_bsd
8_2               1223  ./config/unix/gould_pn
8_2               1372  ./config/unix/hp9000_s300
8_2               1252  ./config/unix/hp9000_s500
8_2               5544  ./config/unix/hp9000_s800
8_2               3023  ./config/unix/i286_xenix
8_2               1855  ./config/unix/i386_sysv
8_2               2055  ./config/unix/i386_xenix
8_2               2288  ./config/unix/iris4d
8_2               2317  ./config/unix/masscomp
8_2               2476  ./config/unix/mega
8_2               1009  ./config/unix/microport
8_2               2337  ./config/unix/mips
8_2               1118  ./config/unix/mot_8000
8_2               2332  ./config/unix/multimax_bsd
8_2               1690  ./config/unix/mx_sinix
8_2               1862  ./config/unix/next
8_2               3698  ./config/unix/plexus
8_2               1144  ./config/unix/ps2_aix
8_2               4564  ./config/unix/pyramid_bsd
8_2               1914  ./config/unix/ridge
8_2               1697  ./config/unix/rtpc_acis
8_2               1920  ./config/unix/rtpc_aix
8_2               1778  ./config/unix/sun2
8_2                293  ./config/unix/sun3
8_2               1054  ./config/unix/sun386i
8_2               1845  ./config/unix/sun3_68881
8_2               3107  ./config/unix/sun4
8_2               2419  ./config/unix/symmetry
8_2               2409  ./config/unix/tahoe_bsd
8_2               1773  ./config/unix/trace
8_2               1743  ./config/unix/unixpc
8_2               1847  ./config/unix/vax_41_bsd
8_2               2011  ./config/unix/vax_bsd
8_2               1851  ./config/unix/vax_sysv
8_2               2201  ./config/unix/vax_ultrix
8_2               1230  ./config/unix/vax_v9
8_2                984  ./config/unix/zs1
8_2             937022  ./docs
8_2             637743  ./ipl
8_2              66030  ./ipl/data
8_2                  0  ./ipl/icode
8_2             141778  ./ipl/idol
8_2             131034  ./ipl/procs
8_2             294108  ./ipl/progs
8_2               3593  ./ipl/tests
8_2                  0  ./ipl/tests/local
8_2               3437  ./ipl/tests/stand
8_2                  0  ./ipl/ucode
8_2              13172  ./memmon
8_2               6195  ./memmon/tests
8_2                  0  ./memmon/tests/local
8_2               5915  ./memmon/tests/stand
8_2               3263  ./pi
8_2               2180  ./pi/tests
8_2                800  ./pi/tests/local
8_2                828  ./pi/tests/stand
8_2              24247  ./samples
8_2                  0  ./samples/local
8_2              17052  ./samples/stand
8_2            1074680  ./src
8_2              24261  ./src/common
8_2              68154  ./src/h
8_2             319625  ./src/icont
8_2             586873  ./src/iconx
8_2              75530  ./src/memmon
8_2             328535  ./tests
8_2                  0  ./tests/local
8_2             176153  ./tests/stand
8_2              26317  ./vt
8_2              10525  ./vt/tests
8_2                  0  ./vt/tests/local
8_2               6000  ./vt/tests/stand
8_2                798  ./vt/variants
8_2              14623  ./vt/vtfiles
