_etc_             3940  README
_etc_             4634  bootstrap.scm
_etc_           335080  r4rs.dvi
_etc_           563830  r4rs.ps
_etc_               20  scheme.dvi
_etc_               20  scheme.ps
compdoc          19380  cmpaux.txt
compdoc          47154  cmpint.txt
compdoc         174159  porting.guide
doc               9173  macros.txt
doc             409445  r4rs
doc              13112  scheme.aux
doc              34781  scheme.cps
doc              36621  scheme.fns
doc                  0  scheme.kys
doc               5421  scheme.log
doc                  0  scheme.pgs
doc             469292  scheme.texinfo
doc               6760  scheme.toc
doc                  0  scheme.tps
doc                  0  scheme.vrs
doc              21916  scode.txt
doc              99445  texinfo.tex
doc               1731  user.aux
doc                806  user.cps
doc               3510  user.fns
doc                770  user.kys
doc               3339  user.log
doc                  0  user.pgs
doc              55964  user.texinfo
doc                926  user.toc
doc                  0  user.tps
doc                  0  user.vrs
hp400           244146  dist-7.1.3
hp400                4  dist-7.1.3/bin
hp400           233530  dist-7.1.3/lib
hp400           174848  dist-7.1.3/lib/edwin
hp400           140996  dist-7.1.3/lib/edwin/autoload
hp400            45436  dist-7.1.3/lib/options
hp700          1579342  dist-7.1.3
hp700          1241088  dist-7.1.3/bin
hp700           327642  dist-7.1.3/lib
hp700           243844  dist-7.1.3/lib/edwin
hp700           209992  dist-7.1.3/lib/edwin/autoload
hp700            69968  dist-7.1.3/lib/options
hp800          1978702  dist-7.1.3
hp800          1640448  dist-7.1.3/bin
hp800           327642  dist-7.1.3/lib
hp800           243844  dist-7.1.3/lib/edwin
hp800           209992  dist-7.1.3/lib/edwin/autoload
hp800            69968  dist-7.1.3/lib/options
info              7475  scheme
info             46862  scheme-1
info             44651  scheme-10
info             43114  scheme-11
info             50351  scheme-2
info             51388  scheme-3
info             51392  scheme-4
info             48520  scheme-5
info             50576  scheme-6
info             51573  scheme-7
info             51314  scheme-8
info             31581  scheme-9
info             56274  user.info
next            244146  dist-7.1.3
next                 4  dist-7.1.3/bin
next            233530  dist-7.1.3/lib
next            174848  dist-7.1.3/lib/edwin
next            140996  dist-7.1.3/lib/edwin/autoload
next             45436  dist-7.1.3/lib/options
nws3250         396934  dist-7.1.3
nws3250              4  dist-7.1.3/bin
nws3250         386318  dist-7.1.3/lib
nws3250         285248  dist-7.1.3/lib/edwin
nws3250         251396  dist-7.1.3/lib/edwin/autoload
nws3250          87800  dist-7.1.3/lib/options
pmax            397222  dist-7.1.3
pmax                 4  dist-7.1.3/bin
pmax            386606  dist-7.1.3/lib
pmax            285448  dist-7.1.3/lib/edwin
pmax            251596  dist-7.1.3/lib/edwin/autoload
pmax             87860  dist-7.1.3/lib/options
sicp              5031  compat.scm
sicp              3276  genenv.scm
sicp              2954  graphics.scm
sicp              1783  sbuild.scm
sicp              4767  stream.scm
sicp              2959  strmac.scm
sicp             12392  studen.scm
src            9294860  dist-7.1.3
src            9294860  dist-7.1.3/src
src            2996550  dist-7.1.3/src/compiler
src             117608  dist-7.1.3/src/compiler/back
src             273174  dist-7.1.3/src/compiler/base
src             233739  dist-7.1.3/src/compiler/documentation
src              18742  dist-7.1.3/src/compiler/etc
src              61114  dist-7.1.3/src/compiler/fggen
src             184853  dist-7.1.3/src/compiler/fgopt
src               9770  dist-7.1.3/src/compiler/improvements
src            1161712  dist-7.1.3/src/compiler/machines
src              78409  dist-7.1.3/src/compiler/rtlbase
src             124231  dist-7.1.3/src/compiler/rtlgen
src             111441  dist-7.1.3/src/compiler/rtlopt
src              86986  dist-7.1.3/src/cref
src            1445462  dist-7.1.3/src/edwin
src            3093074  dist-7.1.3/src/microcode
src              48827  dist-7.1.3/src/microcode/cmpaux
src              24841  dist-7.1.3/src/microcode/m
src              18769  dist-7.1.3/src/microcode/s
src            1418927  dist-7.1.3/src/runtime
src             253861  dist-7.1.3/src/sf
