1_0                604  FTP
1_0               4972  Features
1_0                592  GLOSSARY
1_0              16617  Makefile
1_0               7995  README
1_0               2052  clr2gray.1
1_0               2920  clr2gray.c
1_0               2440  fbcat.1
1_0               3566  fbcat.c
1_0               2131  fbclean.1
1_0               3571  fbclean.c
1_0               1760  fbedge.1
1_0               3348  fbedge.c
1_0               2971  fbext.1
1_0               6654  fbext.c
1_0               4015  fbgamma.c
1_0               3796  fbhalf.1
1_0               6522  fbhalf.c
1_0               1717  fbham.1
1_0              15327  fbham.c
1_0               1760  fbhist.1
1_0               3007  fbhist.c
1_0               1165  fbinfo.1
1_0               2963  fbinfo.c
1_0               6874  fbm.1
1_0               4215  fbm.h
1_0               1321  fbm2pod.1
1_0               5845  fbm2pod.c
1_0               1634  fbm2tga.c
1_0               8108  fbm2tiff.c
1_0               1275  fbmask.1
1_0               3134  fbmask.c
1_0               1948  fbnorm.1
1_0               5476  fbnorm.c
1_0               5569  fbpalet.c
1_0               1857  fbps.1
1_0               8388  fbps.c
1_0               2936  fbquant.1
1_0              28868  fbquant.c
1_0               3505  fbrev.c
1_0               1510  fbrot.1
1_0               2809  fbrot.c
1_0               2784  fbsample.1
1_0               4579  fbsample.c
1_0               1994  fbsharp.1
1_0               3224  fbsharp.c
1_0               2368  flalfb.c
1_0               6160  flblue.c
1_0               4407  flbyte.c
1_0               3442  flcavg.c
1_0               8033  flclr.c
1_0               8690  fledge.c
1_0               6340  flextr.c
1_0               3952  flface.c
1_0               4641  flflyd.c
1_0              12650  flgifc.c
1_0               5832  flgife.c
1_0              14622  flgifr.c
1_0               3941  flgifw.c
1_0              23754  fliff.c
1_0               7043  flklnr.c
1_0               5283  flpbm.c
1_0              13725  flpcx.c
1_0               2239  flpic.c
1_0               4938  flrdfb.c
1_0               4899  flread.c
1_0               9017  flrle.c
1_0               5504  flrot.c
1_0               5544  flshrp.c
1_0               9259  flsun.c
1_0              18381  fltga.c
1_0               2607  flthre.c
1_0               2625  fluun.c
1_0               3203  flwrfb.c
1_0               1758  gray2clr.1
1_0               2729  gray2clr.c
1_0               1281  idiff.1
1_0               1624  idiff.c
1_0               3894  mps2fbm.c
1_0               1939  pbm2ps.1
1_0               7554  pbm2ps.c
1_0                902  pbmtitle.1
1_0               1711  pbmtitle.c
1_0               1659  pic2fbm.c
1_0               1269  qrt2fbm.1
1_0               2852  qrt2fbm.c
1_0               2100  raw2fbm.1
1_0               3820  raw2fbm.c
1_0              67765  test.clr.Z.uu
1_0               1653  tga2fbm.c
1_0               1454  tiff2fbm.1
1_0               8794  tiff2fbm.c
1_0                493  uunet2fbm.1
1_0               1061  uunet2fbm.c
