2_2e           2971826  .
2_2e           2971826  ./crisp2.2e
2_2e            177155  ./crisp2.2e/crunch
2_2e             52584  ./crisp2.2e/dirlib
2_2e              3957  ./crisp2.2e/dirlib/sys
2_2e             32182  ./crisp2.2e/doc
2_2e             38896  ./crisp2.2e/foxlib
2_2e            483388  ./crisp2.2e/help
2_2e              2640  ./crisp2.2e/help/cshelp
2_2e             68841  ./crisp2.2e/help/features
2_2e             17337  ./crisp2.2e/help/lang
2_2e                 0  ./crisp2.2e/help/obj
2_2e                 0  ./crisp2.2e/lib
2_2e              8361  ./crisp2.2e/llist
2_2e                 0  ./crisp2.2e/macros
2_2e                 0  ./crisp2.2e/macros/kbd
2_2e                 0  ./crisp2.2e/macros/tty
2_2e                 0  ./crisp2.2e/obj
2_2e             26184  ./crisp2.2e/old
2_2e              3994  ./crisp2.2e/os2utils
2_2e             25680  ./crisp2.2e/splay
2_2e            633102  ./crisp2.2e/src
2_2e            633102  ./crisp2.2e/src/crunch
2_2e            428008  ./crisp2.2e/utils
2_2e             72700  ./crisp2.2e/utils/rde
2_2e             25590  ./crisp2.2e/utils/sco
2_2e              6344  ./crisp2.2e/vms
2_2e             56841  ./crisp2.2e/x11
