z_doc          1188130  doc
z_doc            84905  doc/instop
z_doc           705910  doc/progman
z_doc           310117  doc/techplan
z_src          1220443  src
z_src           222781  src/clients
z_src            56914  src/clients/syslogd
z_src             8487  src/clients/zaway
z_src            39153  src/clients/zctl
z_src             7584  src/clients/zinit
z_src            13340  src/clients/zleave
z_src             6418  src/clients/zlocate
z_src            27723  src/clients/zmailnotify
z_src             9483  src/clients/znol
z_src             6776  src/clients/zpopnotify
z_src             8085  src/clients/zshutdown_notify
z_src            11608  src/clients/zstat
z_src            16969  src/clients/zwrite
z_src            20663  src/config
z_src            27407  src/et
z_src            16688  src/et/compile_et
z_src            10331  src/et/lib
z_src            31403  src/imake
z_src            30416  src/include
z_src            24916  src/include/zephyr
z_src           143689  src/lib
z_src                0  src/lib/profiled
z_src                0  src/libs
z_src            44887  src/makedepend
z_src           150444  src/man
z_src            59180  src/man/cat1
z_src            11926  src/man/cat8
z_src            56480  src/man/man1
z_src            16484  src/man/man8
z_src           250795  src/server
z_src              142  src/server/acldir
z_src            52064  src/ss
z_src            33876  src/ss/lib
z_src            17743  src/ss/make_commands
z_src             2060  src/tools
z_src            37922  src/zhm
z_src           198242  src/zwgc
z_src            39022  src/zwgc/zbrowser
