2_2               9594  Makefile.dist
2_2              21697  README
2_2              15736  README.rtv
2_2               6511  bibleref.icn
2_2               6503  bibleref.src
2_2               1855  binsrch.icn
2_2               5545  bmp2text.icn
2_2               5988  complete.icn
2_2               3236  convertb.icn
2_2               1986  convertr.icn
2_2               2442  gettokens.icn
2_2               7644  huffcode.icn
2_2               1205  inbits.icn
2_2                  0  index.done
2_2               7783  indexutl.icn
2_2               3560  initfile.icn
2_2              18055  iolib.icn
2_2                744  ipause.icn
2_2               7069  iscreen.icn
2_2                  0  kjv.rtv
2_2               2949  kjv2rtv.icn
2_2              14625  listutil.icn
2_2              21093  makeind.icn
2_2               4827  name2num.icn
2_2               3067  outbits.icn
2_2               8039  passutil.icn
2_2               2816  readfile.icn
2_2               3343  ref2bmap.icn
2_2              26077  regexp.icn
2_2               7246  retrieve.icn
2_2               6849  retrops.icn
2_2               4314  rewrap.icn
2_2               3164  rsv2rtv.icn
2_2               6533  srchutil.icn
2_2                442  version.icn
2_2               6627  whatnext.icn
2_2                  0  xxxxkjvrtv.BMP
2_2             199667  xxxxkjvrtv.IND
2_2                910  xxxxkjvrtv.IS
2_2               3567  xxxxkjvrtv.LIM
2_2               6987  xxxxkjvrtv.OFS
2_2             485089  xxxxkjvrtv.UNT
